1 request <https://lolcow.farm/ot/res/1914925.html>
2 response <https://lolcow.farm/ot/res/1914925.html>
4 request <https://lolcow.farm/robots.txt>
5 response <https://lolcow.farm/robots.txt>
7 request <https://lolcow.farm/cdn-cgi/apps/head/0Zhf9SgQQx4r7e1syCc4tGTMqV4.js>
8 response <https://lolcow.farm/cdn-cgi/apps/head/0Zhf9SgQQx4r7e1syCc4tGTMqV4.js>
10 request <https://lolcow.farm/stylesheets/style.css>
11 response <https://lolcow.farm/stylesheets/style.css>
13 request <https://lolcow.farm/stylesheets/custom.css>
14 response <https://lolcow.farm/stylesheets/custom.css>
16 request <https://lolcow.farm/stylesheets/font-awesome/css/font-awesome.min.css>
17 response <https://lolcow.farm/stylesheets/font-awesome/css/font-awesome.min.css>
19 request <https://lolcow.farm/main.js>
20 response <https://lolcow.farm/main.js>
22 request <https://lolcow.farm/banner>
23 response <https://lolcow.farm/banner>
25 request <https://lolcow.farm/banners/199>
26 response <https://lolcow.farm/banners/199>
28 request <https://lolcow.farm/ot/thumb/1709843449767.jpg>
29 response <https://lolcow.farm/ot/thumb/1709843449767.jpg>
31 request <https://lolcow.farm/ot/res/1520815.html>
32 response <https://lolcow.farm/ot/res/1520815.html>
34 request <https://lolcow.farm/ot/res/1320546.html>
35 response <https://lolcow.farm/ot/res/1320546.html>
37 request <https://lolcow.farm/ot/thumb/1709854746498.png>
38 response <https://lolcow.farm/ot/thumb/1709854746498.png>
40 request <https://lolcow.farm/ot/thumb/1709855698431.png>
41 response <https://lolcow.farm/ot/thumb/1709855698431.png>
43 request <https://lolcow.farm/ot/thumb/1709949862028.png>
44 response <https://lolcow.farm/ot/thumb/1709949862028.png>
46 request <https://lolcow.farm/ot/thumb/1709949940381.png>
47 response <https://lolcow.farm/ot/thumb/1709949940381.png>
49 request <https://lolcow.farm/ot/thumb/1709974204927.png>
50 response <https://lolcow.farm/ot/thumb/1709974204927.png>
52 request <https://lolcow.farm/ot/thumb/1709979012667.jpg>
53 response <https://lolcow.farm/ot/thumb/1709979012667.jpg>
55 request <https://lolcow.farm/ot/thumb/1710026888469.png>
56 response <https://lolcow.farm/ot/thumb/1710026888469.png>
58 request <https://lolcow.farm/ot/thumb/1710045377349.png>
59 response <https://lolcow.farm/ot/thumb/1710045377349.png>
61 request <https://lolcow.farm/ot/thumb/1710045565873.png>
62 response <https://lolcow.farm/ot/thumb/1710045565873.png>
64 request <https://lolcow.farm/ot/thumb/1710115143383.jpg>
65 response <https://lolcow.farm/ot/thumb/1710115143383.jpg>
67 request <https://lolcow.farm/ot/thumb/1710115728868.png>
68 response <https://lolcow.farm/ot/thumb/1710115728868.png>
70 request <https://lolcow.farm/ot/thumb/1710120551058.jpg>
71 response <https://lolcow.farm/ot/thumb/1710120551058.jpg>
73 request <https://lolcow.farm/ot/thumb/1710121348544.png>
74 response <https://lolcow.farm/ot/thumb/1710121348544.png>
76 request <https://lolcow.farm/ot/thumb/1710129054634.png>
77 response <https://lolcow.farm/ot/thumb/1710129054634.png>
79 request <https://lolcow.farm/ot/thumb/1710344348986.png>
80 response <https://lolcow.farm/ot/thumb/1710344348986.png>
82 request <https://lolcow.farm/ot/thumb/1710367602161.png>
83 response <https://lolcow.farm/ot/thumb/1710367602161.png>
85 request <https://lolcow.farm/ot/thumb/1710410704496.jpg>
86 response <https://lolcow.farm/ot/thumb/1710410704496.jpg>
88 request <https://lolcow.farm/ot/thumb/1710558026225.jpg>
89 response <https://lolcow.farm/ot/thumb/1710558026225.jpg>
91 request <https://lolcow.farm/ot/thumb/1710644000503.png>
92 response <https://lolcow.farm/ot/thumb/1710644000503.png>
94 request <https://lolcow.farm/ot/thumb/1710727072749.jpg>
95 response <https://lolcow.farm/ot/thumb/1710727072749.jpg>
97 request <https://lolcow.farm/ot/thumb/1710808362370.gif>
98 response <https://lolcow.farm/ot/thumb/1710808362370.gif>
100 request <https://lolcow.farm/ot/thumb/1710908416356.jpg>
101 response <https://lolcow.farm/ot/thumb/1710908416356.jpg>
103 request <https://lolcow.farm/ot/thumb/1711090400139.png>
104 response <https://lolcow.farm/ot/thumb/1711090400139.png>
106 request <https://lolcow.farm/ot/thumb/1711112209336.png>
107 response <https://lolcow.farm/ot/thumb/1711112209336.png>
109 request <https://lolcow.farm/ot/thumb/1711271571869.jpg>
110 response <https://lolcow.farm/ot/thumb/1711271571869.jpg>
112 request <https://lolcow.farm/ot/thumb/1711273508654.jpeg>
113 response <https://lolcow.farm/ot/thumb/1711273508654.jpeg>
115 request <https://lolcow.farm/ot/thumb/1711283930277.jpg>
116 response <https://lolcow.farm/ot/thumb/1711283930277.jpg>
118 request <https://lolcow.farm/ot/thumb/1711285844298.png>
119 response <https://lolcow.farm/ot/thumb/1711285844298.png>
121 request <https://lolcow.farm/ot/thumb/1711315596629.png>
122 response <https://lolcow.farm/ot/thumb/1711315596629.png>
124 request <https://lolcow.farm/ot/thumb/1711317494371.png>
125 response <https://lolcow.farm/ot/thumb/1711317494371.png>
127 request <https://lolcow.farm/ot/thumb/1712065632643.jpg>
128 response <https://lolcow.farm/ot/thumb/1712065632643.jpg>
130 request <https://lolcow.farm/ot/thumb/1712406375730.png>
131 response <https://lolcow.farm/ot/thumb/1712406375730.png>
133 request <https://lolcow.farm/ot/thumb/1713080165914.png>
134 response <https://lolcow.farm/ot/thumb/1713080165914.png>
136 request <https://lolcow.farm/ot/thumb/1713096284781.jpg>
137 response <https://lolcow.farm/ot/thumb/1713096284781.jpg>
139 request <https://lolcow.farm/ot/thumb/1713108702938.png>
140 response <https://lolcow.farm/ot/thumb/1713108702938.png>
142 request <https://lolcow.farm/ot/thumb/1713250121832.png>
143 response <https://lolcow.farm/ot/thumb/1713250121832.png>
145 request <https://lolcow.farm/ot/thumb/1713308070395.png>
146 response <https://lolcow.farm/ot/thumb/1713308070395.png>
148 request <https://lolcow.farm/ot/thumb/1713367888631.jpeg>
149 response <https://lolcow.farm/ot/thumb/1713367888631.jpeg>
151 request <https://lolcow.farm/ot/thumb/1713387662595.png>
152 response <https://lolcow.farm/ot/thumb/1713387662595.png>
154 request <https://lolcow.farm/ot/thumb/1713398051935.png>
155 response <https://lolcow.farm/ot/thumb/1713398051935.png>
157 request <https://lolcow.farm/ot/thumb/1713403803406.png>
158 response <https://lolcow.farm/ot/thumb/1713403803406.png>
160 request <https://lolcow.farm/ot/thumb/1713470838901.jpeg>
161 response <https://lolcow.farm/ot/thumb/1713470838901.jpeg>
163 request <https://lolcow.farm/ot/thumb/1713485707811.jpg>
164 response <https://lolcow.farm/ot/thumb/1713485707811.jpg>
166 request <https://lolcow.farm/ot/thumb/1713544881387.png>
167 response <https://lolcow.farm/ot/thumb/1713544881387.png>
169 request <https://lolcow.farm/ot/thumb/1713572673690.png>
170 response <https://lolcow.farm/ot/thumb/1713572673690.png>
172 request <https://lolcow.farm/ot/thumb/1713943612174.png>
173 response <https://lolcow.farm/ot/thumb/1713943612174.png>
175 request <https://lolcow.farm/ot/thumb/1714059544140.jpg>
176 response <https://lolcow.farm/ot/thumb/1714059544140.jpg>
178 request <https://lolcow.farm/ot/thumb/1714229517939.jpg>
179 response <https://lolcow.farm/ot/thumb/1714229517939.jpg>
181 request <https://lolcow.farm/ot/thumb/1714234739709.png>
182 response <https://lolcow.farm/ot/thumb/1714234739709.png>
184 request <https://lolcow.farm/ot/thumb/1714324446849.png>
185 response <https://lolcow.farm/ot/thumb/1714324446849.png>
187 request <https://lolcow.farm/ot/thumb/1714699997071.jpg>
188 response <https://lolcow.farm/ot/thumb/1714699997071.jpg>
190 request <https://lolcow.farm/ot/thumb/1714713246619.jpg>
191 response <https://lolcow.farm/ot/thumb/1714713246619.jpg>
193 request <https://lolcow.farm/ot/thumb/1714713278527.jpg>
194 response <https://lolcow.farm/ot/thumb/1714713278527.jpg>
196 request <https://lolcow.farm/ot/thumb/1714729870144.jpeg>
197 response <https://lolcow.farm/ot/thumb/1714729870144.jpeg>
199 request <https://lolcow.farm/ot/thumb/1714742759632.jpg>
200 response <https://lolcow.farm/ot/thumb/1714742759632.jpg>
202 request <https://lolcow.farm/ot/thumb/1714789697248.jpeg>
203 response <https://lolcow.farm/ot/thumb/1714789697248.jpeg>
205 request <https://lolcow.farm/ot/thumb/1715034597432.png>
206 response <https://lolcow.farm/ot/thumb/1715034597432.png>
208 request <https://lolcow.farm/ot/thumb/1715208332137.jpg>
209 response <https://lolcow.farm/ot/thumb/1715208332137.jpg>
211 request <https://lolcow.farm/ot/thumb/1715564833657.png>
212 response <https://lolcow.farm/ot/thumb/1715564833657.png>
214 request <https://lolcow.farm/ot/thumb/1715719101041.png>
215 response <https://lolcow.farm/ot/thumb/1715719101041.png>
217 request <https://lolcow.farm/ot/thumb/1715731519008.png>
218 response <https://lolcow.farm/ot/thumb/1715731519008.png>
220 request <https://lolcow.farm/ot/thumb/1715732693251.png>
221 response <https://lolcow.farm/ot/thumb/1715732693251.png>
223 request <https://lolcow.farm/ot/thumb/1715734161787.png>
224 response <https://lolcow.farm/ot/thumb/1715734161787.png>
226 request <https://lolcow.farm/ot/thumb/1715734268543.png>
227 response <https://lolcow.farm/ot/thumb/1715734268543.png>
229 request <https://lolcow.farm/ot/thumb/1715750170639.png>
230 response <https://lolcow.farm/ot/thumb/1715750170639.png>
232 request <https://lolcow.farm/static/spoiler.png>
233 response <https://lolcow.farm/static/spoiler.png>
235 request <https://lolcow.farm/ot/thumb/1715896091545.png>
236 response <https://lolcow.farm/ot/thumb/1715896091545.png>
238 request <https://lolcow.farm/ot/thumb/1715896422166.png>
239 response <https://lolcow.farm/ot/thumb/1715896422166.png>
241 request <https://lolcow.farm/ot/thumb/1715900307059.png>
242 response <https://lolcow.farm/ot/thumb/1715900307059.png>
244 request <https://lolcow.farm/ot/thumb/1715997486150.jpg>
245 response <https://lolcow.farm/ot/thumb/1715997486150.jpg>
247 request <https://lolcow.farm/ot/thumb/1716866572028.png>
248 response <https://lolcow.farm/ot/thumb/1716866572028.png>
250 request <https://lolcow.farm/ot/thumb/1716874435300.jpg>
251 response <https://lolcow.farm/ot/thumb/1716874435300.jpg>
253 request <https://lolcow.farm/ot/thumb/1717125035049.png>
254 response <https://lolcow.farm/ot/thumb/1717125035049.png>
256 request <https://lolcow.farm/ot/thumb/1717135427267.jpg>
257 response <https://lolcow.farm/ot/thumb/1717135427267.jpg>
259 request <https://lolcow.farm/ot/thumb/1717170262825.png>
260 response <https://lolcow.farm/ot/thumb/1717170262825.png>
262 request <https://lolcow.farm/ot/thumb/1717172738889.jpeg>
263 response <https://lolcow.farm/ot/thumb/1717172738889.jpeg>
265 request <https://lolcow.farm/ot/thumb/1717194249005.png>
266 response <https://lolcow.farm/ot/thumb/1717194249005.png>
268 request <https://lolcow.farm/ot/thumb/1717196900628.jpeg>
269 response <https://lolcow.farm/ot/thumb/1717196900628.jpeg>
271 request <https://lolcow.farm/ot/thumb/1717210755229.png>
272 response <https://lolcow.farm/ot/thumb/1717210755229.png>
274 request <https://lolcow.farm/ot/thumb/1717264691770.jpg>
275 response <https://lolcow.farm/ot/thumb/1717264691770.jpg>
277 request <https://lolcow.farm/ot/thumb/1717281646952.png>
278 response <https://lolcow.farm/ot/thumb/1717281646952.png>
280 request <https://lolcow.farm/ot/thumb/1717282009092.jpg>
281 response <https://lolcow.farm/ot/thumb/1717282009092.jpg>
283 request <https://lolcow.farm/ot/thumb/1717285342720.png>
284 response <https://lolcow.farm/ot/thumb/1717285342720.png>
286 request <https://lolcow.farm/ot/thumb/1717289722718.png>
287 response <https://lolcow.farm/ot/thumb/1717289722718.png>
289 request <https://lolcow.farm/ot/thumb/1717289914509.png>
290 response <https://lolcow.farm/ot/thumb/1717289914509.png>
292 request <https://lolcow.farm/ot/thumb/1717289917518.png>
293 response <https://lolcow.farm/ot/thumb/1717289917518.png>
295 request <https://lolcow.farm/ot/thumb/1717301199034.png>
296 response <https://lolcow.farm/ot/thumb/1717301199034.png>
298 request <https://lolcow.farm/ot/thumb/1717301496077.jpg>
299 response <https://lolcow.farm/ot/thumb/1717301496077.jpg>
301 request <https://lolcow.farm/ot/thumb/1717303493148.jpg>
302 response <https://lolcow.farm/ot/thumb/1717303493148.jpg>
304 request <https://lolcow.farm/ot/thumb/1717303901356.png>
305 response <https://lolcow.farm/ot/thumb/1717303901356.png>
307 request <https://lolcow.farm/ot/thumb/1717304638563.png>
308 response <https://lolcow.farm/ot/thumb/1717304638563.png>
310 request <https://lolcow.farm/ot/thumb/1717308328272.png>
311 response <https://lolcow.farm/ot/thumb/1717308328272.png>
313 request <https://lolcow.farm/ot/thumb/1717308624619.webp>
314 response <https://lolcow.farm/ot/thumb/1717308624619.webp>
316 request <https://lolcow.farm/ot/thumb/1717314440682.png>
317 response <https://lolcow.farm/ot/thumb/1717314440682.png>
319 request <https://lolcow.farm/ot/thumb/1717319280932.jpeg>
320 response <https://lolcow.farm/ot/thumb/1717319280932.jpeg>
322 request <https://lolcow.farm/ot/thumb/1717319290247.png>
323 response <https://lolcow.farm/ot/thumb/1717319290247.png>
325 request <https://lolcow.farm/ot/thumb/1717344123104.png>
326 response <https://lolcow.farm/ot/thumb/1717344123104.png>
328 request <https://lolcow.farm/ot/thumb/1717385474672.jpeg>
329 response <https://lolcow.farm/ot/thumb/1717385474672.jpeg>
331 request <https://lolcow.farm/static/lolcow.png>
332 response <https://lolcow.farm/static/lolcow.png>
334 request <https://lolcow.farm/stylesheets/font-awesome/fonts/fontawesome-webfont.eot?v=4.0.3>
335 response <https://lolcow.farm/stylesheets/font-awesome/fonts/fontawesome-webfont.eot?v=4.0.3>
337 request <https://lolcow.farm/stylesheets/font-awesome/fonts/fontawesome-webfont.eot?>
338 response <https://lolcow.farm/stylesheets/font-awesome/fonts/fontawesome-webfont.eot?>
340 request <https://lolcow.farm/stylesheets/font-awesome/fonts/fontawesome-webfont.woff?v=4.0.3>
341 response <https://lolcow.farm/stylesheets/font-awesome/fonts/fontawesome-webfont.woff?v=4.0.3>
343 request <https://lolcow.farm/stylesheets/font-awesome/fonts/fontawesome-webfont.ttf?v=4.0.3>
344 response <https://lolcow.farm/stylesheets/font-awesome/fonts/fontawesome-webfont.ttf?v=4.0.3>
346 request <https://lolcow.farm/stylesheets/font-awesome/fonts/fontawesome-webfont.svg?v=4.0.3>
347 response <https://lolcow.farm/stylesheets/font-awesome/fonts/fontawesome-webfont.svg?v=4.0.3>
349 request <https://lolcow.farm/ot/thumb/1678530713389.jpg>
350 response <https://lolcow.farm/ot/thumb/1678530713389.jpg>
352 request <https://lolcow.farm/ot/thumb/1679290158102.jpg>
353 response <https://lolcow.farm/ot/thumb/1679290158102.jpg>
355 request <https://lolcow.farm/ot/thumb/1679319662769.png>
356 response <https://lolcow.farm/ot/thumb/1679319662769.png>
358 request <https://lolcow.farm/ot/thumb/1679330558343.gif>
359 response <https://lolcow.farm/ot/thumb/1679330558343.gif>
361 request <https://lolcow.farm/ot/thumb/1679389827556.png>
362 response <https://lolcow.farm/ot/thumb/1679389827556.png>
364 request <https://lolcow.farm/ot/thumb/1679429706619.png>
365 response <https://lolcow.farm/ot/thumb/1679429706619.png>
367 request <https://lolcow.farm/ot/thumb/1679435035434.jpg>
368 response <https://lolcow.farm/ot/thumb/1679435035434.jpg>
370 request <https://lolcow.farm/ot/thumb/1679640225124.jpg>
371 response <https://lolcow.farm/ot/thumb/1679640225124.jpg>
373 request <https://lolcow.farm/ot/thumb/1679640732104.png>
374 response <https://lolcow.farm/ot/thumb/1679640732104.png>
376 request <https://lolcow.farm/ot/thumb/1679687031521.gif>
377 response <https://lolcow.farm/ot/thumb/1679687031521.gif>
379 request <https://lolcow.farm/ot/thumb/1679696649975.gif>
380 response <https://lolcow.farm/ot/thumb/1679696649975.gif>
382 request <https://lolcow.farm/ot/thumb/1679795087355.png>
383 response <https://lolcow.farm/ot/thumb/1679795087355.png>
385 request <https://lolcow.farm/ot/thumb/1679799730536.png>
386 response <https://lolcow.farm/ot/thumb/1679799730536.png>
388 request <https://lolcow.farm/ot/thumb/1679819905268.gif>
389 response <https://lolcow.farm/ot/thumb/1679819905268.gif>
391 request <https://lolcow.farm/ot/thumb/1680003531180.jpg>
392 response <https://lolcow.farm/ot/thumb/1680003531180.jpg>
394 request <https://lolcow.farm/ot/thumb/1680464634380.jpg>
395 response <https://lolcow.farm/ot/thumb/1680464634380.jpg>
397 request <https://lolcow.farm/ot/thumb/1680650541863.jpg>
398 response <https://lolcow.farm/ot/thumb/1680650541863.jpg>
400 request <https://lolcow.farm/ot/thumb/1680863339008.png>
401 response <https://lolcow.farm/ot/thumb/1680863339008.png>
403 request <https://lolcow.farm/ot/thumb/1681133911922.jpg>
404 response <https://lolcow.farm/ot/thumb/1681133911922.jpg>
406 request <https://lolcow.farm/ot/thumb/1681273274187.png>
407 response <https://lolcow.farm/ot/thumb/1681273274187.png>
409 request <https://lolcow.farm/ot/thumb/1682564436223.jpg>
410 response <https://lolcow.farm/ot/thumb/1682564436223.jpg>
412 request <https://lolcow.farm/ot/thumb/1682631607144.gif>
413 response <https://lolcow.farm/ot/thumb/1682631607144.gif>
415 request <https://lolcow.farm/ot/thumb/1683531576035.jpg>
416 response <https://lolcow.farm/ot/thumb/1683531576035.jpg>
418 request <https://lolcow.farm/ot/thumb/1685092426004.png>
419 response <https://lolcow.farm/ot/thumb/1685092426004.png>
421 request <https://lolcow.farm/ot/thumb/1686519656223.png>
422 response <https://lolcow.farm/ot/thumb/1686519656223.png>
424 request <https://lolcow.farm/ot/thumb/1687966040821.jpeg>
425 response <https://lolcow.farm/ot/thumb/1687966040821.jpeg>
427 request <https://lolcow.farm/ot/thumb/1689569503222.png>
428 response <https://lolcow.farm/ot/thumb/1689569503222.png>
430 request <https://lolcow.farm/ot/thumb/1689569545582.png>
431 response <https://lolcow.farm/ot/thumb/1689569545582.png>
433 request <https://lolcow.farm/ot/thumb/1689606365951.gif>
434 response <https://lolcow.farm/ot/thumb/1689606365951.gif>
436 request <https://lolcow.farm/ot/thumb/1689623436404.png>
437 response <https://lolcow.farm/ot/thumb/1689623436404.png>
439 request <https://lolcow.farm/ot/thumb/1689629038992.gif>
440 response <https://lolcow.farm/ot/thumb/1689629038992.gif>
442 request <https://lolcow.farm/ot/thumb/1689644778401.png>
443 response <https://lolcow.farm/ot/thumb/1689644778401.png>
445 request <https://lolcow.farm/ot/thumb/1689690492598.png>
446 response <https://lolcow.farm/ot/thumb/1689690492598.png>
448 request <https://lolcow.farm/ot/thumb/1691177634572.png>
449 response <https://lolcow.farm/ot/thumb/1691177634572.png>
451 request <https://lolcow.farm/ot/thumb/1691183698254.png>
452 response <https://lolcow.farm/ot/thumb/1691183698254.png>
454 request <https://lolcow.farm/ot/thumb/1691216820334.jpg>
455 response <https://lolcow.farm/ot/thumb/1691216820334.jpg>
457 request <https://lolcow.farm/ot/thumb/1691234388978.png>
458 response <https://lolcow.farm/ot/thumb/1691234388978.png>
460 request <https://lolcow.farm/ot/thumb/1691270878701.jpg>
461 response <https://lolcow.farm/ot/thumb/1691270878701.jpg>
463 request <https://lolcow.farm/ot/thumb/1691604637996.jpg>
464 response <https://lolcow.farm/ot/thumb/1691604637996.jpg>
466 request <https://lolcow.farm/ot/thumb/1691608790332.png>
467 response <https://lolcow.farm/ot/thumb/1691608790332.png>
469 request <https://lolcow.farm/ot/thumb/1691961174370.jpg>
470 response <https://lolcow.farm/ot/thumb/1691961174370.jpg>
472 request <https://lolcow.farm/ot/thumb/1692067481574.png>
473 response <https://lolcow.farm/ot/thumb/1692067481574.png>
475 request <https://lolcow.farm/ot/thumb/1692416238784.jpg>
476 response <https://lolcow.farm/ot/thumb/1692416238784.jpg>
478 request <https://lolcow.farm/ot/thumb/1693500306219.gif>
479 response <https://lolcow.farm/ot/thumb/1693500306219.gif>
481 request <https://lolcow.farm/ot/thumb/1695992725597.png>
482 response <https://lolcow.farm/ot/thumb/1695992725597.png>
484 request <https://lolcow.farm/ot/thumb/1696256730557.png>
485 response <https://lolcow.farm/ot/thumb/1696256730557.png>
487 request <https://lolcow.farm/ot/thumb/1696540628846.jpg>
488 response <https://lolcow.farm/ot/thumb/1696540628846.jpg>
490 request <https://lolcow.farm/ot/thumb/1697028670404.png>
491 response <https://lolcow.farm/ot/thumb/1697028670404.png>
493 request <https://lolcow.farm/ot/thumb/1697044384759.png>
494 response <https://lolcow.farm/ot/thumb/1697044384759.png>
496 request <https://lolcow.farm/ot/thumb/1697623909486.jpg>
497 response <https://lolcow.farm/ot/thumb/1697623909486.jpg>
499 request <https://lolcow.farm/ot/thumb/1697628120798.png>
500 response <https://lolcow.farm/ot/thumb/1697628120798.png>
502 request <https://lolcow.farm/ot/thumb/1697631868960.jpg>
503 response <https://lolcow.farm/ot/thumb/1697631868960.jpg>
505 request <https://lolcow.farm/ot/thumb/1697633398991.jpg>
506 response <https://lolcow.farm/ot/thumb/1697633398991.jpg>
508 request <https://lolcow.farm/ot/thumb/1697638814365.png>
509 response <https://lolcow.farm/ot/thumb/1697638814365.png>
511 request <https://lolcow.farm/ot/thumb/1697639006476.png>
512 response <https://lolcow.farm/ot/thumb/1697639006476.png>
514 request <https://lolcow.farm/ot/thumb/1697642819753.png>
515 response <https://lolcow.farm/ot/thumb/1697642819753.png>
517 request <https://lolcow.farm/ot/thumb/1697836020190.jpg>
518 response <https://lolcow.farm/ot/thumb/1697836020190.jpg>
520 request <https://lolcow.farm/ot/thumb/1698413181498.jpg>
521 response <https://lolcow.farm/ot/thumb/1698413181498.jpg>
523 request <https://lolcow.farm/ot/thumb/1698683392090.jpg>
524 response <https://lolcow.farm/ot/thumb/1698683392090.jpg>
526 request <https://lolcow.farm/ot/thumb/1698706826733.png>
527 response <https://lolcow.farm/ot/thumb/1698706826733.png>
529 request <https://lolcow.farm/ot/thumb/1699211111529.png>
530 response <https://lolcow.farm/ot/thumb/1699211111529.png>
532 request <https://lolcow.farm/ot/thumb/1699758457003.png>
533 response <https://lolcow.farm/ot/thumb/1699758457003.png>
535 request <https://lolcow.farm/ot/thumb/1699837638094.png>
536 response <https://lolcow.farm/ot/thumb/1699837638094.png>
538 request <https://lolcow.farm/ot/thumb/1699850471986.jpeg>
539 response <https://lolcow.farm/ot/thumb/1699850471986.jpeg>
541 request <https://lolcow.farm/ot/thumb/1701179791591.gif>
542 response <https://lolcow.farm/ot/thumb/1701179791591.gif>
544 request <https://lolcow.farm/ot/thumb/1701400736162.png>
545 response <https://lolcow.farm/ot/thumb/1701400736162.png>
547 request <https://lolcow.farm/ot/thumb/1701465023851.png>
548 response <https://lolcow.farm/ot/thumb/1701465023851.png>
550 request <https://lolcow.farm/ot/thumb/1701889185934.png>
551 response <https://lolcow.farm/ot/thumb/1701889185934.png>
553 request <https://lolcow.farm/ot/thumb/1701890804365.png>
554 response <https://lolcow.farm/ot/thumb/1701890804365.png>
556 request <https://lolcow.farm/ot/thumb/1702003920281.png>
557 response <https://lolcow.farm/ot/thumb/1702003920281.png>
559 request <https://lolcow.farm/ot/thumb/1702004696083.png>
560 response <https://lolcow.farm/ot/thumb/1702004696083.png>
562 request <https://lolcow.farm/ot/thumb/1702073172141.png>
563 response <https://lolcow.farm/ot/thumb/1702073172141.png>
565 request <https://lolcow.farm/ot/thumb/1702136947479.png>
566 response <https://lolcow.farm/ot/thumb/1702136947479.png>
568 request <https://lolcow.farm/ot/thumb/1702204831168.png>
569 response <https://lolcow.farm/ot/thumb/1702204831168.png>
571 request <https://lolcow.farm/ot/thumb/1702207173201.jpg>
572 response <https://lolcow.farm/ot/thumb/1702207173201.jpg>
574 request <https://lolcow.farm/ot/thumb/1702271503213.png>
575 response <https://lolcow.farm/ot/thumb/1702271503213.png>
577 request <https://lolcow.farm/ot/thumb/1704347290228.jpeg>
578 response <https://lolcow.farm/ot/thumb/1704347290228.jpeg>
580 request <https://lolcow.farm/ot/thumb/1704562899158.png>
581 response <https://lolcow.farm/ot/thumb/1704562899158.png>
583 request <https://lolcow.farm/ot/thumb/1704589891468.png>
584 response <https://lolcow.farm/ot/thumb/1704589891468.png>
586 request <https://lolcow.farm/ot/thumb/1705870963167.png>
587 response <https://lolcow.farm/ot/thumb/1705870963167.png>
589 request <https://lolcow.farm/ot/thumb/1706157577961.gif>
590 response <https://lolcow.farm/ot/thumb/1706157577961.gif>
592 request <https://lolcow.farm/ot/thumb/1706203527849.png>
593 response <https://lolcow.farm/ot/thumb/1706203527849.png>
595 request <https://lolcow.farm/ot/thumb/1706509996598.png>
596 response <https://lolcow.farm/ot/thumb/1706509996598.png>
598 request <https://lolcow.farm/ot/thumb/1706512101449.png>
599 response <https://lolcow.farm/ot/thumb/1706512101449.png>
601 request <https://lolcow.farm/ot/thumb/1706514388607.png>
602 response <https://lolcow.farm/ot/thumb/1706514388607.png>
604 request <https://lolcow.farm/ot/thumb/1706549487217.jpg>
605 response <https://lolcow.farm/ot/thumb/1706549487217.jpg>
607 request <https://lolcow.farm/ot/thumb/1706549633614.jpg>
608 response <https://lolcow.farm/ot/thumb/1706549633614.jpg>
610 request <https://lolcow.farm/ot/thumb/1706557798454.png>
611 response <https://lolcow.farm/ot/thumb/1706557798454.png>
613 request <https://lolcow.farm/ot/thumb/1706562132671.gif>
614 response <https://lolcow.farm/ot/thumb/1706562132671.gif>
616 request <https://lolcow.farm/ot/thumb/1706564562283.gif>
617 response <https://lolcow.farm/ot/thumb/1706564562283.gif>
619 request <https://lolcow.farm/ot/thumb/1706596329241.png>
620 response <https://lolcow.farm/ot/thumb/1706596329241.png>
622 request <https://lolcow.farm/ot/thumb/1706628627046.jpg>
623 response <https://lolcow.farm/ot/thumb/1706628627046.jpg>
625 request <https://lolcow.farm/ot/thumb/1706649179650.png>
626 response <https://lolcow.farm/ot/thumb/1706649179650.png>
628 request <https://lolcow.farm/ot/thumb/1706649560604.png>
629 response <https://lolcow.farm/ot/thumb/1706649560604.png>
631 request <https://lolcow.farm/ot/thumb/1706669029686.png>
632 response <https://lolcow.farm/ot/thumb/1706669029686.png>
634 request <https://lolcow.farm/ot/thumb/1706671129289.png>
635 response <https://lolcow.farm/ot/thumb/1706671129289.png>
637 request <https://lolcow.farm/ot/thumb/1706735363203.png>
638 response <https://lolcow.farm/ot/thumb/1706735363203.png>
640 request <https://lolcow.farm/ot/thumb/1706735509690.png>
641 response <https://lolcow.farm/ot/thumb/1706735509690.png>
643 request <https://lolcow.farm/ot/thumb/1706739064461.png>
644 response <https://lolcow.farm/ot/thumb/1706739064461.png>
646 request <https://lolcow.farm/ot/thumb/1706890240452.png>
647 response <https://lolcow.farm/ot/thumb/1706890240452.png>
649 request <https://lolcow.farm/ot/thumb/1706909495372.jpeg>
650 response <https://lolcow.farm/ot/thumb/1706909495372.jpeg>
652 request <https://lolcow.farm/ot/thumb/1706992190023.png>
653 response <https://lolcow.farm/ot/thumb/1706992190023.png>
655 request <https://lolcow.farm/ot/thumb/1707086004926.png>
656 response <https://lolcow.farm/ot/thumb/1707086004926.png>
658 request <https://lolcow.farm/ot/thumb/1707151143929.png>
659 response <https://lolcow.farm/ot/thumb/1707151143929.png>
661 request <https://lolcow.farm/ot/thumb/1707158642086.png>
662 response <https://lolcow.farm/ot/thumb/1707158642086.png>
664 request <https://lolcow.farm/ot/thumb/1707159988142.png>
665 response <https://lolcow.farm/ot/thumb/1707159988142.png>
667 request <https://lolcow.farm/ot/thumb/1707173602587.png>
668 response <https://lolcow.farm/ot/thumb/1707173602587.png>
670 request <https://lolcow.farm/ot/thumb/1707180809643.png>
671 response <https://lolcow.farm/ot/thumb/1707180809643.png>
673 request <https://lolcow.farm/ot/thumb/1707183012005.png>
674 response <https://lolcow.farm/ot/thumb/1707183012005.png>
676 request <https://lolcow.farm/ot/thumb/1707201410810.jpeg>
677 response <https://lolcow.farm/ot/thumb/1707201410810.jpeg>
679 request <https://lolcow.farm/ot/thumb/1707206261236.jpg>
680 response <https://lolcow.farm/ot/thumb/1707206261236.jpg>
682 request <https://lolcow.farm/ot/thumb/1707207439616.png>
683 response <https://lolcow.farm/ot/thumb/1707207439616.png>
685 request <https://lolcow.farm/ot/thumb/1707222848242.png>
686 response <https://lolcow.farm/ot/thumb/1707222848242.png>
688 request <https://lolcow.farm/ot/thumb/1707323434544.jpg>
689 response <https://lolcow.farm/ot/thumb/1707323434544.jpg>
691 request <https://lolcow.farm/ot/thumb/1707325423283.png>
692 response <https://lolcow.farm/ot/thumb/1707325423283.png>
694 request <https://lolcow.farm/ot/thumb/1707353993252.jpg>
695 response <https://lolcow.farm/ot/thumb/1707353993252.jpg>
697 request <https://lolcow.farm/ot/thumb/1707370854544.jpg>
698 response <https://lolcow.farm/ot/thumb/1707370854544.jpg>
700 request <https://lolcow.farm/ot/thumb/1707757522443.jpg>
701 response <https://lolcow.farm/ot/thumb/1707757522443.jpg>
703 request <https://lolcow.farm/ot/thumb/1707865386008.jpeg>
704 response <https://lolcow.farm/ot/thumb/1707865386008.jpeg>
706 request <https://lolcow.farm/ot/thumb/1707927698232.png>
707 response <https://lolcow.farm/ot/thumb/1707927698232.png>
709 request <https://lolcow.farm/ot/thumb/1708098415726.png>
710 response <https://lolcow.farm/ot/thumb/1708098415726.png>
712 request <https://lolcow.farm/ot/thumb/1708107569137.jpg>
713 response <https://lolcow.farm/ot/thumb/1708107569137.jpg>
715 request <https://lolcow.farm/ot/thumb/1708109195315.jpg>
716 response <https://lolcow.farm/ot/thumb/1708109195315.jpg>
718 request <https://lolcow.farm/ot/thumb/1708120437168.png>
719 response <https://lolcow.farm/ot/thumb/1708120437168.png>
721 request <https://lolcow.farm/ot/thumb/1708123888826.png>
722 response <https://lolcow.farm/ot/thumb/1708123888826.png>
724 request <https://lolcow.farm/ot/thumb/1708130131398.jpg>
725 response <https://lolcow.farm/ot/thumb/1708130131398.jpg>
727 request <https://lolcow.farm/ot/thumb/1708130419107.jpg>
728 response <https://lolcow.farm/ot/thumb/1708130419107.jpg>
730 request <https://lolcow.farm/ot/thumb/1708132353634.png>
731 response <https://lolcow.farm/ot/thumb/1708132353634.png>
733 request <https://lolcow.farm/ot/thumb/1708132536473.jpeg>
734 response <https://lolcow.farm/ot/thumb/1708132536473.jpeg>
736 request <https://lolcow.farm/ot/thumb/1708144217856.jpg>
737 response <https://lolcow.farm/ot/thumb/1708144217856.jpg>
739 request <https://lolcow.farm/ot/thumb/1708148534772.png>
740 response <https://lolcow.farm/ot/thumb/1708148534772.png>
742 request <https://lolcow.farm/ot/thumb/1708185366735.jpg>
743 response <https://lolcow.farm/ot/thumb/1708185366735.jpg>
745 request <https://lolcow.farm/ot/thumb/1708212577132.png>
746 response <https://lolcow.farm/ot/thumb/1708212577132.png>
748 request <https://lolcow.farm/ot/res/1722001.html>
749 response <https://lolcow.farm/ot/res/1722001.html>
751 request <https://lolcow.farm/ot/thumb/1708217558993.png>
752 response <https://lolcow.farm/ot/thumb/1708217558993.png>
754 request <https://lolcow.farm/ot/thumb/1708218641586.png>
755 response <https://lolcow.farm/ot/thumb/1708218641586.png>
757 request <https://lolcow.farm/ot/thumb/1708219247515.png>
758 response <https://lolcow.farm/ot/thumb/1708219247515.png>
760 request <https://lolcow.farm/ot/thumb/1708227025141.png>
761 response <https://lolcow.farm/ot/thumb/1708227025141.png>
763 request <https://lolcow.farm/ot/thumb/1708229871451.png>
764 response <https://lolcow.farm/ot/thumb/1708229871451.png>
766 request <https://lolcow.farm/ot/thumb/1708230562263.jpeg>
767 response <https://lolcow.farm/ot/thumb/1708230562263.jpeg>
769 request <https://lolcow.farm/ot/thumb/1708231257629.png>
770 response <https://lolcow.farm/ot/thumb/1708231257629.png>
772 request <https://lolcow.farm/ot/thumb/1708232484559.png>
773 response <https://lolcow.farm/ot/thumb/1708232484559.png>
775 request <https://lolcow.farm/ot/thumb/1708274372880.png>
776 response <https://lolcow.farm/ot/thumb/1708274372880.png>
778 request <https://lolcow.farm/ot/thumb/1708278966918.jpg>
779 response <https://lolcow.farm/ot/thumb/1708278966918.jpg>
781 request <https://lolcow.farm/ot/thumb/1708301061291.png>
782 response <https://lolcow.farm/ot/thumb/1708301061291.png>
784 request <https://lolcow.farm/ot/thumb/1708301902107.png>
785 response <https://lolcow.farm/ot/thumb/1708301902107.png>
787 request <https://lolcow.farm/ot/thumb/1708303077881.png>
788 response <https://lolcow.farm/ot/thumb/1708303077881.png>
790 request <https://lolcow.farm/ot/thumb/1708303583154.png>
791 response <https://lolcow.farm/ot/thumb/1708303583154.png>
793 request <https://lolcow.farm/ot/thumb/1708314207956.jpg>
794 response <https://lolcow.farm/ot/thumb/1708314207956.jpg>
796 request <https://lolcow.farm/ot/thumb/1708317792003.jpeg>
797 response <https://lolcow.farm/ot/thumb/1708317792003.jpeg>
799 request <https://lolcow.farm/ot/thumb/1708318804154.jpeg>
800 response <https://lolcow.farm/ot/thumb/1708318804154.jpeg>
802 request <https://lolcow.farm/ot/thumb/1708330858153.jpg>
803 response <https://lolcow.farm/ot/thumb/1708330858153.jpg>
805 request <https://lolcow.farm/ot/thumb/1708346189335.png>
806 response <https://lolcow.farm/ot/thumb/1708346189335.png>
808 request <https://lolcow.farm/ot/thumb/1708384270869.png>
809 response <https://lolcow.farm/ot/thumb/1708384270869.png>
811 request <https://lolcow.farm/ot/thumb/1708479251381.png>
812 response <https://lolcow.farm/ot/thumb/1708479251381.png>
814 request <https://lolcow.farm/ot/thumb/1708480269134.jpg>
815 response <https://lolcow.farm/ot/thumb/1708480269134.jpg>
817 request <https://lolcow.farm/ot/thumb/1708504900883.png>
818 response <https://lolcow.farm/ot/thumb/1708504900883.png>
820 request <https://lolcow.farm/ot/thumb/1708556572110.png>
821 response <https://lolcow.farm/ot/thumb/1708556572110.png>
823 request <https://lolcow.farm/ot/thumb/1708564323473.jpg>
824 response <https://lolcow.farm/ot/thumb/1708564323473.jpg>
826 request <https://lolcow.farm/ot/thumb/1708649960767.png>
827 response <https://lolcow.farm/ot/thumb/1708649960767.png>
829 request <https://lolcow.farm/ot/thumb/1708650657782.png>
830 response <https://lolcow.farm/ot/thumb/1708650657782.png>
832 request <https://lolcow.farm/ot/thumb/1708651381508.png>
833 response <https://lolcow.farm/ot/thumb/1708651381508.png>
835 request <https://lolcow.farm/ot/thumb/1708652008556.jpg>
836 response <https://lolcow.farm/ot/thumb/1708652008556.jpg>
838 request <https://lolcow.farm/ot/thumb/1708668629625.jpg>
839 response <https://lolcow.farm/ot/thumb/1708668629625.jpg>
841 request <https://lolcow.farm/ot/thumb/1708752671489.jpg>
842 response <https://lolcow.farm/ot/thumb/1708752671489.jpg>
844 request <https://lolcow.farm/ot/thumb/1708758703982.png>
845 response <https://lolcow.farm/ot/thumb/1708758703982.png>
847 request <https://lolcow.farm/ot/thumb/1708759034592.jpg>
848 response <https://lolcow.farm/ot/thumb/1708759034592.jpg>
850 request <https://lolcow.farm/ot/thumb/1708760187112.png>
851 response <https://lolcow.farm/ot/thumb/1708760187112.png>
853 request <https://lolcow.farm/ot/thumb/1708761248850.png>
854 response <https://lolcow.farm/ot/thumb/1708761248850.png>
856 request <https://lolcow.farm/ot/thumb/1708806897363.png>
857 response <https://lolcow.farm/ot/thumb/1708806897363.png>
859 request <https://lolcow.farm/ot/thumb/1708812091908.png>
860 response <https://lolcow.farm/ot/thumb/1708812091908.png>
862 request <https://lolcow.farm/ot/thumb/1708841602452.png>
863 response <https://lolcow.farm/ot/thumb/1708841602452.png>
865 request <https://lolcow.farm/ot/thumb/1708878333274.png>
866 response <https://lolcow.farm/ot/thumb/1708878333274.png>
868 request <https://lolcow.farm/ot/thumb/1708885409960.jpg>
869 response <https://lolcow.farm/ot/thumb/1708885409960.jpg>
871 request <https://lolcow.farm/ot/thumb/1708886751306.png>
872 response <https://lolcow.farm/ot/thumb/1708886751306.png>
874 request <https://lolcow.farm/ot/thumb/1708889461802.jpg>
875 response <https://lolcow.farm/ot/thumb/1708889461802.jpg>
877 request <https://lolcow.farm/ot/thumb/1708893001625.png>
878 response <https://lolcow.farm/ot/thumb/1708893001625.png>
880 request <https://lolcow.farm/ot/thumb/1708896931371.jpg>
881 response <https://lolcow.farm/ot/thumb/1708896931371.jpg>
883 request <https://lolcow.farm/ot/thumb/1708898536677.jpg>
884 response <https://lolcow.farm/ot/thumb/1708898536677.jpg>
886 request <https://lolcow.farm/ot/res/1903551.html>
887 response <https://lolcow.farm/ot/res/1903551.html>
889 request <https://lolcow.farm/ot/thumb/1709042589221.jpg>
890 response <https://lolcow.farm/ot/thumb/1709042589221.jpg>
892 request <https://lolcow.farm/ot/thumb/1709042850047.jpg>
893 response <https://lolcow.farm/ot/thumb/1709042850047.jpg>
895 request <https://lolcow.farm/ot/thumb/1709089449318.jpg>
896 response <https://lolcow.farm/ot/thumb/1709089449318.jpg>
898 request <https://lolcow.farm/ot/thumb/1709093399844.png>
899 response <https://lolcow.farm/ot/thumb/1709093399844.png>
901 request <https://lolcow.farm/ot/thumb/1709255334551.jpg>
902 response <https://lolcow.farm/ot/thumb/1709255334551.jpg>
904 request <https://lolcow.farm/ot/thumb/1709311573871.jpg>
905 response <https://lolcow.farm/ot/thumb/1709311573871.jpg>
907 request <https://lolcow.farm/ot/thumb/1709315693238.png>
908 response <https://lolcow.farm/ot/thumb/1709315693238.png>
910 request <https://lolcow.farm/ot/thumb/1709337519965.png>
911 response <https://lolcow.farm/ot/thumb/1709337519965.png>
913 request <https://lolcow.farm/ot/thumb/1709355083732.png>
914 response <https://lolcow.farm/ot/thumb/1709355083732.png>
916 request <https://lolcow.farm/ot/thumb/1709355429133.png>
917 response <https://lolcow.farm/ot/thumb/1709355429133.png>
919 request <https://lolcow.farm/ot/thumb/1709363849203.jpg>
920 response <https://lolcow.farm/ot/thumb/1709363849203.jpg>
922 request <https://lolcow.farm/ot/thumb/1709411925028.png>
923 response <https://lolcow.farm/ot/thumb/1709411925028.png>
925 request <https://lolcow.farm/ot/thumb/1709579080399.png>
926 response <https://lolcow.farm/ot/thumb/1709579080399.png>
928 request <https://lolcow.farm/ot/thumb/1709683874998.png>
929 response <https://lolcow.farm/ot/thumb/1709683874998.png>
931 request <https://lolcow.farm/ot/thumb/1709728450470.jpg>
932 response <https://lolcow.farm/ot/thumb/1709728450470.jpg>
934 request <https://lolcow.farm/ot/thumb/1709753521206.jpg>
935 response <https://lolcow.farm/ot/thumb/1709753521206.jpg>
937 request <https://lolcow.farm/ot/thumb/1661808458519.png>
938 response <https://lolcow.farm/ot/thumb/1661808458519.png>
940 request <https://lolcow.farm/ot/thumb/1661808703988.jpg>
941 response <https://lolcow.farm/ot/thumb/1661808703988.jpg>
943 request <https://lolcow.farm/ot/thumb/1661809822415.jpg>
944 response <https://lolcow.farm/ot/thumb/1661809822415.jpg>
946 request <https://lolcow.farm/ot/thumb/1661810720446.jpg>
947 response <https://lolcow.farm/ot/thumb/1661810720446.jpg>
949 request <https://lolcow.farm/ot/thumb/1661811742813.jpg>
950 response <https://lolcow.farm/ot/thumb/1661811742813.jpg>
952 request <https://lolcow.farm/ot/thumb/1661812935729.jpg>
953 response <https://lolcow.farm/ot/thumb/1661812935729.jpg>
955 request <https://lolcow.farm/ot/thumb/1661815352204.png>
956 response <https://lolcow.farm/ot/thumb/1661815352204.png>
958 request <https://lolcow.farm/ot/thumb/1661815733179.jpeg>
959 response <https://lolcow.farm/ot/thumb/1661815733179.jpeg>
961 request <https://lolcow.farm/ot/thumb/1661818361251.jpg>
962 response <https://lolcow.farm/ot/thumb/1661818361251.jpg>
964 request <https://lolcow.farm/ot/thumb/1661820544392.png>
965 response <https://lolcow.farm/ot/thumb/1661820544392.png>
967 request <https://lolcow.farm/ot/thumb/1661820707688.png>
968 response <https://lolcow.farm/ot/thumb/1661820707688.png>
970 request <https://lolcow.farm/ot/thumb/1661826761263.gif>
971 response <https://lolcow.farm/ot/thumb/1661826761263.gif>
973 request <https://lolcow.farm/ot/thumb/1661832803314.gif>
974 response <https://lolcow.farm/ot/thumb/1661832803314.gif>
976 request <https://lolcow.farm/ot/thumb/1661835792779.png>
977 response <https://lolcow.farm/ot/thumb/1661835792779.png>
979 request <https://lolcow.farm/ot/thumb/1661838469464.jpg>
980 response <https://lolcow.farm/ot/thumb/1661838469464.jpg>
982 request <https://lolcow.farm/ot/thumb/1661862010216.gif>
983 response <https://lolcow.farm/ot/thumb/1661862010216.gif>
985 request <https://lolcow.farm/ot/thumb/1661866167299.gif>
986 response <https://lolcow.farm/ot/thumb/1661866167299.gif>
988 request <https://lolcow.farm/ot/thumb/1661901529364.png>
989 response <https://lolcow.farm/ot/thumb/1661901529364.png>
991 request <https://lolcow.farm/ot/thumb/1661901996690.gif>
992 response <https://lolcow.farm/ot/thumb/1661901996690.gif>
994 request <https://lolcow.farm/ot/thumb/1661913712044.png>
995 response <https://lolcow.farm/ot/thumb/1661913712044.png>
997 request <https://lolcow.farm/ot/thumb/1661916217630.jpg>
998 response <https://lolcow.farm/ot/thumb/1661916217630.jpg>
1000 request <https://lolcow.farm/ot/thumb/1661922072025.jpg>
1001 response <https://lolcow.farm/ot/thumb/1661922072025.jpg>
1003 request <https://lolcow.farm/ot/thumb/1661948777555.jpeg>
1004 response <https://lolcow.farm/ot/thumb/1661948777555.jpeg>
1006 request <https://lolcow.farm/ot/thumb/1661968375292.png>
1007 response <https://lolcow.farm/ot/thumb/1661968375292.png>
1009 request <https://lolcow.farm/ot/thumb/1661968802600.jpg>
1010 response <https://lolcow.farm/ot/thumb/1661968802600.jpg>
1012 request <https://lolcow.farm/ot/thumb/1661979242098.png>
1013 response <https://lolcow.farm/ot/thumb/1661979242098.png>
1015 request <https://lolcow.farm/ot/thumb/1661996638354.png>
1016 response <https://lolcow.farm/ot/thumb/1661996638354.png>
1018 request <https://lolcow.farm/ot/thumb/1662091967810.gif>
1019 response <https://lolcow.farm/ot/thumb/1662091967810.gif>
1021 request <https://lolcow.farm/ot/thumb/1662131718895.png>
1022 response <https://lolcow.farm/ot/thumb/1662131718895.png>
1024 request <https://lolcow.farm/ot/thumb/1662140476847.png>
1025 response <https://lolcow.farm/ot/thumb/1662140476847.png>
1027 request <https://lolcow.farm/ot/thumb/1662141291315.png>
1028 response <https://lolcow.farm/ot/thumb/1662141291315.png>
1030 request <https://lolcow.farm/ot/thumb/1662155788696.jpg>
1031 response <https://lolcow.farm/ot/thumb/1662155788696.jpg>
1033 request <https://lolcow.farm/ot/thumb/1662157517908.jpg>
1034 response <https://lolcow.farm/ot/thumb/1662157517908.jpg>
1036 request <https://lolcow.farm/ot/thumb/1662157559720.jpg>
1037 response <https://lolcow.farm/ot/thumb/1662157559720.jpg>
1039 request <https://lolcow.farm/ot/thumb/1662163884026.png>
1040 response <https://lolcow.farm/ot/thumb/1662163884026.png>
1042 request <https://lolcow.farm/ot/thumb/1662163907229.png>
1043 response <https://lolcow.farm/ot/thumb/1662163907229.png>
1045 request <https://lolcow.farm/ot/thumb/1662165454962.jpg>
1046 response <https://lolcow.farm/ot/thumb/1662165454962.jpg>
1048 request <https://lolcow.farm/ot/thumb/1662166490726.gif>
1049 response <https://lolcow.farm/ot/thumb/1662166490726.gif>
1051 request <https://lolcow.farm/ot/thumb/1662168535221.jpeg>
1052 response <https://lolcow.farm/ot/thumb/1662168535221.jpeg>
1054 request <https://lolcow.farm/ot/thumb/1662170609991.jpg>
1055 response <https://lolcow.farm/ot/thumb/1662170609991.jpg>
1057 request <https://lolcow.farm/ot/thumb/1662170808258.jpg>
1058 response <https://lolcow.farm/ot/thumb/1662170808258.jpg>
1060 request <https://lolcow.farm/ot/thumb/1662295315773.png>
1061 response <https://lolcow.farm/ot/thumb/1662295315773.png>
1063 request <https://lolcow.farm/ot/thumb/1662300577037.png>
1064 response <https://lolcow.farm/ot/thumb/1662300577037.png>
1066 request <https://lolcow.farm/ot/thumb/1662301454171.png>
1067 response <https://lolcow.farm/ot/thumb/1662301454171.png>
1069 request <https://lolcow.farm/ot/thumb/1662301572575.png>
1070 response <https://lolcow.farm/ot/thumb/1662301572575.png>
1072 request <https://lolcow.farm/ot/thumb/1662301915160.jpg>
1073 response <https://lolcow.farm/ot/thumb/1662301915160.jpg>
1075 request <https://lolcow.farm/ot/thumb/1662320438240.jpg>
1076 response <https://lolcow.farm/ot/thumb/1662320438240.jpg>
1078 request <https://lolcow.farm/ot/thumb/1662322116070.jpg>
1079 response <https://lolcow.farm/ot/thumb/1662322116070.jpg>
1081 request <https://lolcow.farm/ot/thumb/1662525677237.png>
1082 response <https://lolcow.farm/ot/thumb/1662525677237.png>
1084 request <https://lolcow.farm/ot/thumb/1662526187009.png>
1085 response <https://lolcow.farm/ot/thumb/1662526187009.png>
1087 request <https://lolcow.farm/ot/thumb/1662527992986.png>
1088 response <https://lolcow.farm/ot/thumb/1662527992986.png>
1090 request <https://lolcow.farm/ot/thumb/1662528225610.jpg>
1091 response <https://lolcow.farm/ot/thumb/1662528225610.jpg>
1093 request <https://lolcow.farm/ot/thumb/1662528901998.png>
1094 response <https://lolcow.farm/ot/thumb/1662528901998.png>
1096 request <https://lolcow.farm/ot/thumb/1662530599410.png>
1097 response <https://lolcow.farm/ot/thumb/1662530599410.png>
1099 request <https://lolcow.farm/ot/thumb/1662717590596.png>
1100 response <https://lolcow.farm/ot/thumb/1662717590596.png>
1102 request <https://lolcow.farm/ot/thumb/1662833898585.png>
1103 response <https://lolcow.farm/ot/thumb/1662833898585.png>
1105 request <https://lolcow.farm/ot/thumb/1662840303027.gif>
1106 response <https://lolcow.farm/ot/thumb/1662840303027.gif>
1108 request <https://lolcow.farm/ot/thumb/1662864200170.jpg>
1109 response <https://lolcow.farm/ot/thumb/1662864200170.jpg>
1111 request <https://lolcow.farm/ot/thumb/1663267953640.png>
1112 response <https://lolcow.farm/ot/thumb/1663267953640.png>
1114 request <https://lolcow.farm/ot/thumb/1663577172792.jpg>
1115 response <https://lolcow.farm/ot/thumb/1663577172792.jpg>
1117 request <https://lolcow.farm/ot/thumb/1663597657769.png>
1118 response <https://lolcow.farm/ot/thumb/1663597657769.png>
1120 request <https://lolcow.farm/ot/thumb/1663600638104.png>
1121 response <https://lolcow.farm/ot/thumb/1663600638104.png>
1123 request <https://lolcow.farm/ot/thumb/1663605263819.png>
1124 response <https://lolcow.farm/ot/thumb/1663605263819.png>
1126 request <https://lolcow.farm/ot/thumb/1663607817943.png>
1127 response <https://lolcow.farm/ot/thumb/1663607817943.png>
1129 request <https://lolcow.farm/ot/thumb/1663659426473.gif>
1130 response <https://lolcow.farm/ot/thumb/1663659426473.gif>
1132 request <https://lolcow.farm/ot/thumb/1663659773497.gif>
1133 response <https://lolcow.farm/ot/thumb/1663659773497.gif>
1135 request <https://lolcow.farm/ot/thumb/1663662709013.gif>
1136 response <https://lolcow.farm/ot/thumb/1663662709013.gif>
1138 request <https://lolcow.farm/ot/thumb/1663664024725.png>
1139 response <https://lolcow.farm/ot/thumb/1663664024725.png>
1141 request <https://lolcow.farm/ot/thumb/1663667552799.gif>
1142 response <https://lolcow.farm/ot/thumb/1663667552799.gif>
1144 request <https://lolcow.farm/ot/thumb/1663668036876.gif>
1145 response <https://lolcow.farm/ot/thumb/1663668036876.gif>
1147 request <https://lolcow.farm/ot/thumb/1663669065318.jpg>
1148 response <https://lolcow.farm/ot/thumb/1663669065318.jpg>
1150 request <https://lolcow.farm/ot/thumb/1663704879419.png>
1151 response <https://lolcow.farm/ot/thumb/1663704879419.png>
1153 request <https://lolcow.farm/ot/thumb/1663706067252.gif>
1154 response <https://lolcow.farm/ot/thumb/1663706067252.gif>
1156 request <https://lolcow.farm/ot/thumb/1663706290935.png>
1157 response <https://lolcow.farm/ot/thumb/1663706290935.png>
1159 request <https://lolcow.farm/ot/thumb/1663712631728.png>
1160 response <https://lolcow.farm/ot/thumb/1663712631728.png>
1162 request <https://lolcow.farm/ot/thumb/1663713208429.png>
1163 response <https://lolcow.farm/ot/thumb/1663713208429.png>
1165 request <https://lolcow.farm/ot/thumb/1663717658729.gif>
1166 response <https://lolcow.farm/ot/thumb/1663717658729.gif>
1168 request <https://lolcow.farm/ot/thumb/1663791904539.jpg>
1169 response <https://lolcow.farm/ot/thumb/1663791904539.jpg>
1171 request <https://lolcow.farm/ot/thumb/1663797413944.jpg>
1172 response <https://lolcow.farm/ot/thumb/1663797413944.jpg>
1174 request <https://lolcow.farm/ot/thumb/1663799174606.gif>
1175 response <https://lolcow.farm/ot/thumb/1663799174606.gif>
1177 request <https://lolcow.farm/ot/thumb/1663808105889.png>
1178 response <https://lolcow.farm/ot/thumb/1663808105889.png>
1180 request <https://lolcow.farm/ot/thumb/1663815495551.png>
1181 response <https://lolcow.farm/ot/thumb/1663815495551.png>
1183 request <https://lolcow.farm/ot/thumb/1663825944597.png>
1184 response <https://lolcow.farm/ot/thumb/1663825944597.png>
1186 request <https://lolcow.farm/ot/thumb/1663859899690.jpg>
1187 response <https://lolcow.farm/ot/thumb/1663859899690.jpg>
1189 request <https://lolcow.farm/ot/thumb/1663863788261.png>
1190 response <https://lolcow.farm/ot/thumb/1663863788261.png>
1192 request <https://lolcow.farm/ot/thumb/1663911063539.png>
1193 response <https://lolcow.farm/ot/thumb/1663911063539.png>
1195 request <https://lolcow.farm/ot/thumb/1663951548478.jpg>
1196 response <https://lolcow.farm/ot/thumb/1663951548478.jpg>
1198 request <https://lolcow.farm/ot/thumb/1663958300752.png>
1199 response <https://lolcow.farm/ot/thumb/1663958300752.png>
1201 request <https://lolcow.farm/ot/thumb/1663964358853.png>
1202 response <https://lolcow.farm/ot/thumb/1663964358853.png>
1204 request <https://lolcow.farm/ot/thumb/1664021872559.png>
1205 response <https://lolcow.farm/ot/thumb/1664021872559.png>
1207 request <https://lolcow.farm/ot/thumb/1664032705853.png>
1208 response <https://lolcow.farm/ot/thumb/1664032705853.png>
1210 request <https://lolcow.farm/ot/thumb/1664034745765.png>
1211 response <https://lolcow.farm/ot/thumb/1664034745765.png>
1213 request <https://lolcow.farm/ot/thumb/1664036131503.png>
1214 response <https://lolcow.farm/ot/thumb/1664036131503.png>
1216 request <https://lolcow.farm/ot/thumb/1664056347922.png>
1217 response <https://lolcow.farm/ot/thumb/1664056347922.png>
1219 request <https://lolcow.farm/ot/thumb/1664073884443.png>
1220 response <https://lolcow.farm/ot/thumb/1664073884443.png>
1222 request <https://lolcow.farm/ot/thumb/1664147780385.png>
1223 response <https://lolcow.farm/ot/thumb/1664147780385.png>
1225 request <https://lolcow.farm/ot/thumb/1664181706123.png>
1226 response <https://lolcow.farm/ot/thumb/1664181706123.png>
1228 request <https://lolcow.farm/ot/thumb/1664220138847.png>
1229 response <https://lolcow.farm/ot/thumb/1664220138847.png>
1231 request <https://lolcow.farm/ot/thumb/1664269816047.jpg>
1232 response <https://lolcow.farm/ot/thumb/1664269816047.jpg>
1234 request <https://lolcow.farm/ot/thumb/1664272616923.gif>
1235 response <https://lolcow.farm/ot/thumb/1664272616923.gif>
1237 request <https://lolcow.farm/ot/thumb/1664393542087.png>
1238 response <https://lolcow.farm/ot/thumb/1664393542087.png>
1240 request <https://lolcow.farm/ot/thumb/1664401183755.png>
1241 response <https://lolcow.farm/ot/thumb/1664401183755.png>
1243 request <https://lolcow.farm/ot/thumb/1664426169026.jpeg>
1244 response <https://lolcow.farm/ot/thumb/1664426169026.jpeg>
1246 request <https://lolcow.farm/ot/thumb/1664445043370.png>
1247 response <https://lolcow.farm/ot/thumb/1664445043370.png>
1249 request <https://lolcow.farm/ot/thumb/1664464326530.png>
1250 response <https://lolcow.farm/ot/thumb/1664464326530.png>
1252 request <https://lolcow.farm/ot/thumb/1664472190712.gif>
1253 response <https://lolcow.farm/ot/thumb/1664472190712.gif>
1255 request <https://lolcow.farm/ot/thumb/1664473240572.jpg>
1256 response <https://lolcow.farm/ot/thumb/1664473240572.jpg>
1258 request <https://lolcow.farm/ot/thumb/1664529233965.png>
1259 response <https://lolcow.farm/ot/thumb/1664529233965.png>
1261 request <https://lolcow.farm/ot/thumb/1664533941403.jpg>
1262 response <https://lolcow.farm/ot/thumb/1664533941403.jpg>
1264 request <https://lolcow.farm/ot/thumb/1664545869017.jpg>
1265 response <https://lolcow.farm/ot/thumb/1664545869017.jpg>
1267 request <https://lolcow.farm/ot/thumb/1664550241459.png>
1268 response <https://lolcow.farm/ot/thumb/1664550241459.png>
1270 request <https://lolcow.farm/ot/thumb/1664659663254.jpeg>
1271 response <https://lolcow.farm/ot/thumb/1664659663254.jpeg>
1273 request <https://lolcow.farm/ot/thumb/1664660209103.jpeg>
1274 response <https://lolcow.farm/ot/thumb/1664660209103.jpeg>
1276 request <https://lolcow.farm/ot/thumb/1664664355221.jpeg>
1277 response <https://lolcow.farm/ot/thumb/1664664355221.jpeg>
1279 request <https://lolcow.farm/ot/thumb/1664693647303.jpg>
1280 response <https://lolcow.farm/ot/thumb/1664693647303.jpg>
1282 request <https://lolcow.farm/ot/thumb/1664694617744.png>
1283 response <https://lolcow.farm/ot/thumb/1664694617744.png>
1285 request <https://lolcow.farm/ot/thumb/1664736713770.png>
1286 response <https://lolcow.farm/ot/thumb/1664736713770.png>
1288 request <https://lolcow.farm/ot/thumb/1664821550492.jpeg>
1289 response <https://lolcow.farm/ot/thumb/1664821550492.jpeg>
1291 request <https://lolcow.farm/ot/thumb/1665038302663.jpg>
1292 response <https://lolcow.farm/ot/thumb/1665038302663.jpg>
1294 request <https://lolcow.farm/ot/thumb/1665040026037.jpg>
1295 response <https://lolcow.farm/ot/thumb/1665040026037.jpg>
1297 request <https://lolcow.farm/ot/thumb/1665079053299.png>
1298 response <https://lolcow.farm/ot/thumb/1665079053299.png>
1300 request <https://lolcow.farm/ot/thumb/1665080625301.png>
1301 response <https://lolcow.farm/ot/thumb/1665080625301.png>
1303 request <https://lolcow.farm/ot/thumb/1665105920034.jpg>
1304 response <https://lolcow.farm/ot/thumb/1665105920034.jpg>
1306 request <https://lolcow.farm/ot/thumb/1665150743603.png>
1307 response <https://lolcow.farm/ot/thumb/1665150743603.png>
1309 request <https://lolcow.farm/ot/thumb/1665155886719.jpg>
1310 response <https://lolcow.farm/ot/thumb/1665155886719.jpg>
1312 request <https://lolcow.farm/ot/thumb/1665168643783.gif>
1313 response <https://lolcow.farm/ot/thumb/1665168643783.gif>
1315 request <https://lolcow.farm/ot/thumb/1665219966615.png>
1316 response <https://lolcow.farm/ot/thumb/1665219966615.png>
1318 request <https://lolcow.farm/ot/thumb/1665521631735.jpg>
1319 response <https://lolcow.farm/ot/thumb/1665521631735.jpg>
1321 request <https://lolcow.farm/ot/thumb/1665527872292.jpg>
1322 response <https://lolcow.farm/ot/thumb/1665527872292.jpg>
1324 request <https://lolcow.farm/ot/thumb/1665531607841.png>
1325 response <https://lolcow.farm/ot/thumb/1665531607841.png>
1327 request <https://lolcow.farm/ot/thumb/1665536727995.png>
1328 response <https://lolcow.farm/ot/thumb/1665536727995.png>
1330 request <https://lolcow.farm/ot/thumb/1665551641261.jpg>
1331 response <https://lolcow.farm/ot/thumb/1665551641261.jpg>
1333 request <https://lolcow.farm/ot/thumb/1665552652957.png>
1334 response <https://lolcow.farm/ot/thumb/1665552652957.png>
1336 request <https://lolcow.farm/ot/thumb/1665553136563.jpg>
1337 response <https://lolcow.farm/ot/thumb/1665553136563.jpg>
1339 request <https://lolcow.farm/ot/thumb/1665553441646.jpg>
1340 response <https://lolcow.farm/ot/thumb/1665553441646.jpg>
1342 request <https://lolcow.farm/ot/thumb/1665553827539.jpg>
1343 response <https://lolcow.farm/ot/thumb/1665553827539.jpg>
1345 request <https://lolcow.farm/ot/thumb/1665553844109.jpg>
1346 response <https://lolcow.farm/ot/thumb/1665553844109.jpg>
1348 request <https://lolcow.farm/ot/thumb/1665555079729.jpg>
1349 response <https://lolcow.farm/ot/thumb/1665555079729.jpg>
1351 request <https://lolcow.farm/ot/thumb/1665556071167.jpg>
1352 response <https://lolcow.farm/ot/thumb/1665556071167.jpg>
1354 request <https://lolcow.farm/ot/thumb/1665556363781.png>
1355 response <https://lolcow.farm/ot/thumb/1665556363781.png>
1357 request <https://lolcow.farm/ot/thumb/1665557157694.jpg>
1358 response <https://lolcow.farm/ot/thumb/1665557157694.jpg>
1360 request <https://lolcow.farm/ot/thumb/1665558512301.jpeg>
1361 response <https://lolcow.farm/ot/thumb/1665558512301.jpeg>
1363 request <https://lolcow.farm/ot/thumb/1665558544690.png>
1364 response <https://lolcow.farm/ot/thumb/1665558544690.png>
1366 request <https://lolcow.farm/ot/thumb/1665558747311.png>
1367 response <https://lolcow.farm/ot/thumb/1665558747311.png>
1369 request <https://lolcow.farm/ot/thumb/1665558947200.png>
1370 response <https://lolcow.farm/ot/thumb/1665558947200.png>
1372 request <https://lolcow.farm/ot/thumb/1665559752727.png>
1373 response <https://lolcow.farm/ot/thumb/1665559752727.png>
1375 request <https://lolcow.farm/ot/thumb/1665560409737.png>
1376 response <https://lolcow.farm/ot/thumb/1665560409737.png>
1378 request <https://lolcow.farm/ot/thumb/1665560550911.png>
1379 response <https://lolcow.farm/ot/thumb/1665560550911.png>
1381 request <https://lolcow.farm/ot/thumb/1665786924507.png>
1382 response <https://lolcow.farm/ot/thumb/1665786924507.png>
1384 request <https://lolcow.farm/ot/thumb/1665787529399.png>
1385 response <https://lolcow.farm/ot/thumb/1665787529399.png>
1387 request <https://lolcow.farm/ot/thumb/1665867328703.png>
1388 response <https://lolcow.farm/ot/thumb/1665867328703.png>
1390 request <https://lolcow.farm/ot/thumb/1665984347123.jpg>
1391 response <https://lolcow.farm/ot/thumb/1665984347123.jpg>
1393 request <https://lolcow.farm/ot/thumb/1666027999208.png>
1394 response <https://lolcow.farm/ot/thumb/1666027999208.png>
1396 request <https://lolcow.farm/ot/thumb/1666099777469.jpeg>
1397 response <https://lolcow.farm/ot/thumb/1666099777469.jpeg>
1399 request <https://lolcow.farm/ot/thumb/1666115277033.png>
1400 response <https://lolcow.farm/ot/thumb/1666115277033.png>
1402 request <https://lolcow.farm/ot/thumb/1666117577657.jpg>
1403 response <https://lolcow.farm/ot/thumb/1666117577657.jpg>
1405 request <https://lolcow.farm/ot/thumb/1666121412933.jpg>
1406 response <https://lolcow.farm/ot/thumb/1666121412933.jpg>
1408 request <https://lolcow.farm/ot/thumb/1666211049006.jpg>
1409 response <https://lolcow.farm/ot/thumb/1666211049006.jpg>
1411 request <https://lolcow.farm/ot/thumb/1666261721633.gif>
1412 response <https://lolcow.farm/ot/thumb/1666261721633.gif>
1414 request <https://lolcow.farm/ot/thumb/1666376674516.jpg>
1415 response <https://lolcow.farm/ot/thumb/1666376674516.jpg>
1417 request <https://lolcow.farm/ot/thumb/1666378290919.jpg>
1418 response <https://lolcow.farm/ot/thumb/1666378290919.jpg>
1420 request <https://lolcow.farm/ot/thumb/1666380945672.jpg>
1421 response <https://lolcow.farm/ot/thumb/1666380945672.jpg>
1423 request <https://lolcow.farm/ot/thumb/1666555475491.png>
1424 response <https://lolcow.farm/ot/thumb/1666555475491.png>
1426 request <https://lolcow.farm/ot/thumb/1666883401596.png>
1427 response <https://lolcow.farm/ot/thumb/1666883401596.png>
1429 request <https://lolcow.farm/ot/thumb/1667235463725.png>
1430 response <https://lolcow.farm/ot/thumb/1667235463725.png>
1432 request <https://lolcow.farm/ot/thumb/1667373359071.jpg>
1433 response <https://lolcow.farm/ot/thumb/1667373359071.jpg>
1435 request <https://lolcow.farm/ot/thumb/1667854635588.png>
1436 response <https://lolcow.farm/ot/thumb/1667854635588.png>
1438 request <https://lolcow.farm/ot/thumb/1667855710226.png>
1439 response <https://lolcow.farm/ot/thumb/1667855710226.png>
1441 request <https://lolcow.farm/ot/thumb/1667897202599.jpg>
1442 response <https://lolcow.farm/ot/thumb/1667897202599.jpg>
1444 request <https://lolcow.farm/ot/thumb/1668030696682.png>
1445 response <https://lolcow.farm/ot/thumb/1668030696682.png>
1447 request <https://lolcow.farm/ot/thumb/1668059028887.png>
1448 response <https://lolcow.farm/ot/thumb/1668059028887.png>
1450 request <https://lolcow.farm/ot/thumb/1668066471771.png>
1451 response <https://lolcow.farm/ot/thumb/1668066471771.png>
1453 request <https://lolcow.farm/ot/thumb/1668270763399.jpg>
1454 response <https://lolcow.farm/ot/thumb/1668270763399.jpg>
1456 request <https://lolcow.farm/ot/thumb/1668309813313.jpg>
1457 response <https://lolcow.farm/ot/thumb/1668309813313.jpg>
1459 request <https://lolcow.farm/ot/thumb/1668412777142.png>
1460 response <https://lolcow.farm/ot/thumb/1668412777142.png>
1462 request <https://lolcow.farm/ot/thumb/1668460849808.png>
1463 response <https://lolcow.farm/ot/thumb/1668460849808.png>
1465 request <https://lolcow.farm/ot/thumb/1669173273685.png>
1466 response <https://lolcow.farm/ot/thumb/1669173273685.png>
1468 request <https://lolcow.farm/ot/thumb/1669659847148.png>
1469 response <https://lolcow.farm/ot/thumb/1669659847148.png>
1471 request <https://lolcow.farm/ot/thumb/1669925769484.gif>
1472 response <https://lolcow.farm/ot/thumb/1669925769484.gif>
1474 request <https://lolcow.farm/ot/thumb/1669929896879.png>
1475 response <https://lolcow.farm/ot/thumb/1669929896879.png>
1477 request <https://lolcow.farm/ot/thumb/1669951862598.png>
1478 response <https://lolcow.farm/ot/thumb/1669951862598.png>
1480 request <https://lolcow.farm/ot/thumb/1670024284742.png>
1481 response <https://lolcow.farm/ot/thumb/1670024284742.png>
1483 request <https://lolcow.farm/ot/thumb/1670105410108.png>
1484 response <https://lolcow.farm/ot/thumb/1670105410108.png>
1486 request <https://lolcow.farm/ot/thumb/1670106885850.png>
1487 response <https://lolcow.farm/ot/thumb/1670106885850.png>
1489 request <https://lolcow.farm/ot/thumb/1670119553437.png>
1490 response <https://lolcow.farm/ot/thumb/1670119553437.png>
1492 request <https://lolcow.farm/ot/thumb/1670571972049.png>
1493 response <https://lolcow.farm/ot/thumb/1670571972049.png>
1495 request <https://lolcow.farm/ot/thumb/1671024677414.png>
1496 response <https://lolcow.farm/ot/thumb/1671024677414.png>
1498 request <https://lolcow.farm/ot/thumb/1671054620901.png>
1499 response <https://lolcow.farm/ot/thumb/1671054620901.png>
1501 request <https://lolcow.farm/ot/thumb/1671302351121.png>
1502 response <https://lolcow.farm/ot/thumb/1671302351121.png>
1504 request <https://lolcow.farm/ot/thumb/1671337096408.jpg>
1505 response <https://lolcow.farm/ot/thumb/1671337096408.jpg>
1507 request <https://lolcow.farm/ot/thumb/1672903460384.png>
1508 response <https://lolcow.farm/ot/thumb/1672903460384.png>
1510 request <https://lolcow.farm/ot/thumb/1672947081632.jpg>
1511 response <https://lolcow.farm/ot/thumb/1672947081632.jpg>
1513 request <https://lolcow.farm/ot/thumb/1672954297257.png>
1514 response <https://lolcow.farm/ot/thumb/1672954297257.png>
1516 request <https://lolcow.farm/ot/thumb/1673062359983.png>
1517 response <https://lolcow.farm/ot/thumb/1673062359983.png>
1519 request <https://lolcow.farm/ot/thumb/1674057941399.png>
1520 response <https://lolcow.farm/ot/thumb/1674057941399.png>
1522 request <https://lolcow.farm/ot/thumb/1674159068565.png>
1523 response <https://lolcow.farm/ot/thumb/1674159068565.png>
1525 request <https://lolcow.farm/ot/thumb/1676094239295.png>
1526 response <https://lolcow.farm/ot/thumb/1676094239295.png>
1528 request <https://lolcow.farm/ot/thumb/1676227574138.png>
1529 response <https://lolcow.farm/ot/thumb/1676227574138.png>
1531 request <https://lolcow.farm/ot/thumb/1676228895874.png>
1532 response <https://lolcow.farm/ot/thumb/1676228895874.png>
1534 request <https://lolcow.farm/ot/thumb/1676233248751.png>
1535 response <https://lolcow.farm/ot/thumb/1676233248751.png>
1537 request <https://lolcow.farm/ot/thumb/1676239016832.png>
1538 response <https://lolcow.farm/ot/thumb/1676239016832.png>
1540 request <https://lolcow.farm/ot/thumb/1676260003706.png>
1541 response <https://lolcow.farm/ot/thumb/1676260003706.png>
1543 request <https://lolcow.farm/ot/thumb/1676772794178.png>
1544 response <https://lolcow.farm/ot/thumb/1676772794178.png>
1546 request <https://lolcow.farm/ot/thumb/1676772823557.png>
1547 response <https://lolcow.farm/ot/thumb/1676772823557.png>
1549 request <https://lolcow.farm/ot/thumb/1676790819079.png>
1550 response <https://lolcow.farm/ot/thumb/1676790819079.png>
1552 request <https://lolcow.farm/ot/thumb/1676808612037.png>
1553 response <https://lolcow.farm/ot/thumb/1676808612037.png>
1555 request <https://lolcow.farm/ot/thumb/1677091736084.png>
1556 response <https://lolcow.farm/ot/thumb/1677091736084.png>
1558 request <https://lolcow.farm/ot/thumb/1677091776882.png>
1559 response <https://lolcow.farm/ot/thumb/1677091776882.png>
1561 request <https://lolcow.farm/ot/thumb/1677760579263.png>
1562 response <https://lolcow.farm/ot/thumb/1677760579263.png>
1564 request <https://lolcow.farm/ot/thumb/1677964542291.png>
1565 response <https://lolcow.farm/ot/thumb/1677964542291.png>
1567 request <https://lolcow.farm/ot/thumb/1677964590515.png>
1568 response <https://lolcow.farm/ot/thumb/1677964590515.png>
1570 request <https://lolcow.farm/ot/thumb/1678132934231.png>
1571 response <https://lolcow.farm/ot/thumb/1678132934231.png>
1573 request <https://lolcow.farm/ot/thumb/1678209035925.png>
1574 response <https://lolcow.farm/ot/thumb/1678209035925.png>
1576 request <https://lolcow.farm/ot/thumb/1678365845496.jpg>
1577 response <https://lolcow.farm/ot/thumb/1678365845496.jpg>
1579 request <https://lolcow.farm/ot/thumb/1678369889064.png>
1580 response <https://lolcow.farm/ot/thumb/1678369889064.png>
1582 request <https://lolcow.farm/ot/thumb/1678377181369.png>
1583 response <https://lolcow.farm/ot/thumb/1678377181369.png>
1585 request <https://lolcow.farm/ot/thumb/1678467704689.png>
1586 response <https://lolcow.farm/ot/thumb/1678467704689.png>
1588 request <https://lolcow.farm/ot/thumb/1678479448242.png>
1589 response <https://lolcow.farm/ot/thumb/1678479448242.png>
1591 request <https://lolcow.farm/ot/thumb/1678633431239.png>
1592 response <https://lolcow.farm/ot/thumb/1678633431239.png>
1594 request <https://lolcow.farm/ot/thumb/1678651465804.png>
1595 response <https://lolcow.farm/ot/thumb/1678651465804.png>
1597 request <https://lolcow.farm/ot/thumb/1678882348672.png>
1598 response <https://lolcow.farm/ot/thumb/1678882348672.png>
1600 request <https://lolcow.farm/ot/thumb/1678926547408.png>
1601 response <https://lolcow.farm/ot/thumb/1678926547408.png>
1603 request <https://lolcow.farm/ot/thumb/1678944541674.jpeg>
1604 response <https://lolcow.farm/ot/thumb/1678944541674.jpeg>
1606 request <https://lolcow.farm/ot/thumb/1678993581271.png>
1607 response <https://lolcow.farm/ot/thumb/1678993581271.png>
1609 request <https://lolcow.farm/ot/thumb/1679001541416.png>
1610 response <https://lolcow.farm/ot/thumb/1679001541416.png>
1612 request <https://lolcow.farm/ot/thumb/1679040983847.png>
1613 response <https://lolcow.farm/ot/thumb/1679040983847.png>
1615 request <https://lolcow.farm/ot/thumb/1679094777660.png>
1616 response <https://lolcow.farm/ot/thumb/1679094777660.png>
1618 request <https://lolcow.farm/ot/thumb/1679124542328.jpg>
1619 response <https://lolcow.farm/ot/thumb/1679124542328.jpg>
1621 request <https://lolcow.farm/ot/thumb/1679143698654.png>
1622 response <https://lolcow.farm/ot/thumb/1679143698654.png>
1624 request <https://lolcow.farm/ot/thumb/1679201706808.jpg>
1625 response <https://lolcow.farm/ot/thumb/1679201706808.jpg>
1627 request <https://lolcow.farm/ot/thumb/1679249135048.png>
1628 response <https://lolcow.farm/ot/thumb/1679249135048.png>
1630 request <https://lolcow.farm/ot/thumb/1696935056461.jpg>
1631 response <https://lolcow.farm/ot/thumb/1696935056461.jpg>
1633 request <https://lolcow.farm/ot/res/1678600.html>
1634 response <https://lolcow.farm/ot/res/1678600.html>
1636 request <https://lolcow.farm/ot/thumb/1696936429545.jpg>
1637 response <https://lolcow.farm/ot/thumb/1696936429545.jpg>
1639 request <https://lolcow.farm/ot/thumb/1696975091768.png>
1640 response <https://lolcow.farm/ot/thumb/1696975091768.png>
1642 request <https://lolcow.farm/ot/thumb/1697040240840.jpg>
1643 response <https://lolcow.farm/ot/thumb/1697040240840.jpg>
1645 request <https://lolcow.farm/ot/thumb/1697043030005.gif>
1646 response <https://lolcow.farm/ot/thumb/1697043030005.gif>
1648 request <https://lolcow.farm/ot/thumb/1697046847813.jpg>
1649 response <https://lolcow.farm/ot/thumb/1697046847813.jpg>
1651 request <https://lolcow.farm/ot/thumb/1697046889056.jpeg>
1652 response <https://lolcow.farm/ot/thumb/1697046889056.jpeg>
1654 request <https://lolcow.farm/ot/thumb/1697048066032.gif>
1655 response <https://lolcow.farm/ot/thumb/1697048066032.gif>
1657 request <https://lolcow.farm/ot/thumb/1697049375266.jpg>
1658 response <https://lolcow.farm/ot/thumb/1697049375266.jpg>
1660 request <https://lolcow.farm/ot/thumb/1697137777262.jpg>
1661 response <https://lolcow.farm/ot/thumb/1697137777262.jpg>
1663 request <https://lolcow.farm/ot/thumb/1697194310162.png>
1664 response <https://lolcow.farm/ot/thumb/1697194310162.png>
1666 request <https://lolcow.farm/ot/thumb/1697331792204.jpg>
1667 response <https://lolcow.farm/ot/thumb/1697331792204.jpg>
1669 request <https://lolcow.farm/ot/thumb/1697354927473.gif>
1670 response <https://lolcow.farm/ot/thumb/1697354927473.gif>
1672 request <https://lolcow.farm/ot/thumb/1697389851867.jpg>
1673 response <https://lolcow.farm/ot/thumb/1697389851867.jpg>
1675 request <https://lolcow.farm/ot/thumb/1697422226739.gif>
1676 response <https://lolcow.farm/ot/thumb/1697422226739.gif>
1678 request <https://lolcow.farm/ot/thumb/1697492586614.jpg>
1679 response <https://lolcow.farm/ot/thumb/1697492586614.jpg>
1681 request <https://lolcow.farm/ot/thumb/1697567088215.jpg>
1682 response <https://lolcow.farm/ot/thumb/1697567088215.jpg>
1684 request <https://lolcow.farm/ot/thumb/1697571600881.gif>
1685 response <https://lolcow.farm/ot/thumb/1697571600881.gif>
1687 request <https://lolcow.farm/ot/thumb/1697631472728.jpg>
1688 response <https://lolcow.farm/ot/thumb/1697631472728.jpg>
1690 request <https://lolcow.farm/ot/thumb/1697682392000.jpeg>
1691 response <https://lolcow.farm/ot/thumb/1697682392000.jpeg>
1693 request <https://lolcow.farm/ot/thumb/1697686278680.png>
1694 response <https://lolcow.farm/ot/thumb/1697686278680.png>
1696 request <https://lolcow.farm/ot/thumb/1697784826859.gif>
1697 response <https://lolcow.farm/ot/thumb/1697784826859.gif>
1699 request <https://lolcow.farm/ot/thumb/1697890954171.png>
1700 response <https://lolcow.farm/ot/thumb/1697890954171.png>
1702 request <https://lolcow.farm/ot/thumb/1697891233951.png>
1703 response <https://lolcow.farm/ot/thumb/1697891233951.png>
1705 request <https://lolcow.farm/ot/thumb/1698058355240.jpg>
1706 response <https://lolcow.farm/ot/thumb/1698058355240.jpg>
1708 request <https://lolcow.farm/ot/thumb/1698093449980.jpg>
1709 response <https://lolcow.farm/ot/thumb/1698093449980.jpg>
1711 request <https://lolcow.farm/ot/thumb/1698095201273.jpg>
1712 response <https://lolcow.farm/ot/thumb/1698095201273.jpg>
1714 request <https://lolcow.farm/ot/thumb/1698128263580.png>
1715 response <https://lolcow.farm/ot/thumb/1698128263580.png>
1717 request <https://lolcow.farm/ot/thumb/1698128994173.png>
1718 response <https://lolcow.farm/ot/thumb/1698128994173.png>
1720 request <https://lolcow.farm/ot/thumb/1698140039391.jpeg>
1721 response <https://lolcow.farm/ot/thumb/1698140039391.jpeg>
1723 request <https://lolcow.farm/ot/thumb/1698267807858.jpg>
1724 response <https://lolcow.farm/ot/thumb/1698267807858.jpg>
1726 request <https://lolcow.farm/ot/thumb/1698271363731.jpg>
1727 response <https://lolcow.farm/ot/thumb/1698271363731.jpg>
1729 request <https://lolcow.farm/ot/thumb/1698273794205.jpeg>
1730 response <https://lolcow.farm/ot/thumb/1698273794205.jpeg>
1732 request <https://lolcow.farm/ot/thumb/1698273905810.png>
1733 response <https://lolcow.farm/ot/thumb/1698273905810.png>
1735 request <https://lolcow.farm/ot/thumb/1698301175117.jpg>
1736 response <https://lolcow.farm/ot/thumb/1698301175117.jpg>
1738 request <https://lolcow.farm/ot/thumb/1698414785704.gif>
1739 response <https://lolcow.farm/ot/thumb/1698414785704.gif>
1741 request <https://lolcow.farm/ot/thumb/1698444525473.png>
1742 response <https://lolcow.farm/ot/thumb/1698444525473.png>
1744 request <https://lolcow.farm/ot/thumb/1698456939211.jpg>
1745 response <https://lolcow.farm/ot/thumb/1698456939211.jpg>
1747 request <https://lolcow.farm/ot/thumb/1698457370421.png>
1748 response <https://lolcow.farm/ot/thumb/1698457370421.png>
1750 request <https://lolcow.farm/ot/thumb/1698463272865.jpg>
1751 response <https://lolcow.farm/ot/thumb/1698463272865.jpg>
1753 request <https://lolcow.farm/ot/thumb/1698470962115.jpeg>
1754 response <https://lolcow.farm/ot/thumb/1698470962115.jpeg>
1756 request <https://lolcow.farm/ot/thumb/1698499539650.jpeg>
1757 response <https://lolcow.farm/ot/thumb/1698499539650.jpeg>
1759 request <https://lolcow.farm/ot/thumb/1698506641992.jpg>
1760 response <https://lolcow.farm/ot/thumb/1698506641992.jpg>
1762 request <https://lolcow.farm/ot/thumb/1698538801696.jpeg>
1763 response <https://lolcow.farm/ot/thumb/1698538801696.jpeg>
1765 request <https://lolcow.farm/ot/thumb/1698541329067.jpg>
1766 response <https://lolcow.farm/ot/thumb/1698541329067.jpg>
1768 request <https://lolcow.farm/ot/thumb/1698541669016.jpg>
1769 response <https://lolcow.farm/ot/thumb/1698541669016.jpg>
1771 request <https://lolcow.farm/ot/thumb/1698542994066.jpg>
1772 response <https://lolcow.farm/ot/thumb/1698542994066.jpg>
1774 request <https://lolcow.farm/ot/thumb/1698547763843.jpg>
1775 response <https://lolcow.farm/ot/thumb/1698547763843.jpg>
1777 request <https://lolcow.farm/ot/thumb/1698561418605.jpeg>
1778 response <https://lolcow.farm/ot/thumb/1698561418605.jpeg>
1780 request <https://lolcow.farm/ot/thumb/1698607424479.jpeg>
1781 response <https://lolcow.farm/ot/thumb/1698607424479.jpeg>
1783 request <https://lolcow.farm/ot/thumb/1698607679319.jpeg>
1784 response <https://lolcow.farm/ot/thumb/1698607679319.jpeg>
1786 request <https://lolcow.farm/ot/thumb/1698699010847.jpeg>
1787 response <https://lolcow.farm/ot/thumb/1698699010847.jpeg>
1789 request <https://lolcow.farm/ot/thumb/1698699897753.jpeg>
1790 response <https://lolcow.farm/ot/thumb/1698699897753.jpeg>
1792 request <https://lolcow.farm/ot/thumb/1698714295182.png>
1793 response <https://lolcow.farm/ot/thumb/1698714295182.png>
1795 request <https://lolcow.farm/ot/thumb/1698732485797.jpg>
1796 response <https://lolcow.farm/ot/thumb/1698732485797.jpg>
1798 request <https://lolcow.farm/ot/thumb/1698732920303.jpg>
1799 response <https://lolcow.farm/ot/thumb/1698732920303.jpg>
1801 request <https://lolcow.farm/ot/thumb/1698797414110.jpg>
1802 response <https://lolcow.farm/ot/thumb/1698797414110.jpg>
1804 request <https://lolcow.farm/ot/thumb/1698888785181.jpg>
1805 response <https://lolcow.farm/ot/thumb/1698888785181.jpg>
1807 request <https://lolcow.farm/ot/thumb/1698894708987.png>
1808 response <https://lolcow.farm/ot/thumb/1698894708987.png>
1810 request <https://lolcow.farm/ot/thumb/1698926128166.jpg>
1811 response <https://lolcow.farm/ot/thumb/1698926128166.jpg>
1813 request <https://lolcow.farm/ot/thumb/1698994459041.gif>
1814 response <https://lolcow.farm/ot/thumb/1698994459041.gif>
1816 request <https://lolcow.farm/ot/thumb/1699004766375.jpeg>
1817 response <https://lolcow.farm/ot/thumb/1699004766375.jpeg>
1819 request <https://lolcow.farm/ot/thumb/1699061667450.jpg>
1820 response <https://lolcow.farm/ot/thumb/1699061667450.jpg>
1822 request <https://lolcow.farm/ot/thumb/1699092752306.jpg>
1823 response <https://lolcow.farm/ot/thumb/1699092752306.jpg>
1825 request <https://lolcow.farm/ot/thumb/1699146010440.jpg>
1826 response <https://lolcow.farm/ot/thumb/1699146010440.jpg>
1828 request <https://lolcow.farm/ot/thumb/1699151442648.jpg>
1829 response <https://lolcow.farm/ot/thumb/1699151442648.jpg>
1831 request <https://lolcow.farm/ot/thumb/1699159296519.jpg>
1832 response <https://lolcow.farm/ot/thumb/1699159296519.jpg>
1834 request <https://lolcow.farm/ot/thumb/1699160001308.png>
1835 response <https://lolcow.farm/ot/thumb/1699160001308.png>
1837 request <https://lolcow.farm/ot/thumb/1699161056081.jpg>
1838 response <https://lolcow.farm/ot/thumb/1699161056081.jpg>
1840 request <https://lolcow.farm/ot/thumb/1699161592243.jpeg>
1841 response <https://lolcow.farm/ot/thumb/1699161592243.jpeg>
1843 request <https://lolcow.farm/ot/thumb/1699190845033.jpeg>
1844 response <https://lolcow.farm/ot/thumb/1699190845033.jpeg>
1846 request <https://lolcow.farm/ot/thumb/1699199346058.png>
1847 response <https://lolcow.farm/ot/thumb/1699199346058.png>
1849 request <https://lolcow.farm/ot/thumb/1699208270939.gif>
1850 response <https://lolcow.farm/ot/thumb/1699208270939.gif>
1852 request <https://lolcow.farm/ot/thumb/1699240528792.jpeg>
1853 response <https://lolcow.farm/ot/thumb/1699240528792.jpeg>
1855 request <https://lolcow.farm/ot/thumb/1699278115369.png>
1856 response <https://lolcow.farm/ot/thumb/1699278115369.png>
1858 request <https://lolcow.farm/ot/thumb/1699355747146.jpg>
1859 response <https://lolcow.farm/ot/thumb/1699355747146.jpg>
1861 request <https://lolcow.farm/ot/thumb/1699356869676.jpeg>
1862 response <https://lolcow.farm/ot/thumb/1699356869676.jpeg>
1864 request <https://lolcow.farm/ot/thumb/1699357507232.jpg>
1865 response <https://lolcow.farm/ot/thumb/1699357507232.jpg>
1867 request <https://lolcow.farm/ot/thumb/1699385350298.jpeg>
1868 response <https://lolcow.farm/ot/thumb/1699385350298.jpeg>
1870 request <https://lolcow.farm/ot/thumb/1699424900815.jpeg>
1871 response <https://lolcow.farm/ot/thumb/1699424900815.jpeg>
1873 request <https://lolcow.farm/ot/thumb/1699439663884.jpeg>
1874 response <https://lolcow.farm/ot/thumb/1699439663884.jpeg>
1876 request <https://lolcow.farm/ot/thumb/1699483684276.jpg>
1877 response <https://lolcow.farm/ot/thumb/1699483684276.jpg>
1879 request <https://lolcow.farm/ot/thumb/1699485017828.png>
1880 response <https://lolcow.farm/ot/thumb/1699485017828.png>
1882 request <https://lolcow.farm/ot/thumb/1699488117070.jpg>
1883 response <https://lolcow.farm/ot/thumb/1699488117070.jpg>
1885 request <https://lolcow.farm/ot/thumb/1699576865313.jpeg>
1886 response <https://lolcow.farm/ot/thumb/1699576865313.jpeg>
1888 request <https://lolcow.farm/ot/thumb/1699632324713.jpg>
1889 response <https://lolcow.farm/ot/thumb/1699632324713.jpg>
1891 request <https://lolcow.farm/ot/thumb/1699824627260.jpg>
1892 response <https://lolcow.farm/ot/thumb/1699824627260.jpg>
1894 request <https://lolcow.farm/ot/thumb/1699840461210.jpeg>
1895 response <https://lolcow.farm/ot/thumb/1699840461210.jpeg>
1897 request <https://lolcow.farm/ot/thumb/1699879768258.jpg>
1898 response <https://lolcow.farm/ot/thumb/1699879768258.jpg>
1900 request <https://lolcow.farm/ot/thumb/1699898351133.jpg>
1901 response <https://lolcow.farm/ot/thumb/1699898351133.jpg>
1903 request <https://lolcow.farm/ot/thumb/1699931260280.jpeg>
1904 response <https://lolcow.farm/ot/thumb/1699931260280.jpeg>
1906 request <https://lolcow.farm/ot/thumb/1699998520893.jpeg>
1907 response <https://lolcow.farm/ot/thumb/1699998520893.jpeg>
1909 request <https://lolcow.farm/ot/thumb/1700009920919.gif>
1910 response <https://lolcow.farm/ot/thumb/1700009920919.gif>
1912 request <https://lolcow.farm/ot/thumb/1700011439756.jpg>
1913 response <https://lolcow.farm/ot/thumb/1700011439756.jpg>
1915 request <https://lolcow.farm/ot/thumb/1700026376998.jpg>
1916 response <https://lolcow.farm/ot/thumb/1700026376998.jpg>
1918 request <https://lolcow.farm/ot/thumb/1700027254208.gif>
1919 response <https://lolcow.farm/ot/thumb/1700027254208.gif>
1921 request <https://lolcow.farm/ot/thumb/1700027496847.jpg>
1922 response <https://lolcow.farm/ot/thumb/1700027496847.jpg>
1924 request <https://lolcow.farm/ot/thumb/1700036286606.jpg>
1925 response <https://lolcow.farm/ot/thumb/1700036286606.jpg>
1927 request <https://lolcow.farm/ot/thumb/1700066026702.jpg>
1928 response <https://lolcow.farm/ot/thumb/1700066026702.jpg>
1930 request <https://lolcow.farm/ot/thumb/1700067024128.jpeg>
1931 response <https://lolcow.farm/ot/thumb/1700067024128.jpeg>
1933 request <https://lolcow.farm/ot/thumb/1700085859569.gif>
1934 response <https://lolcow.farm/ot/thumb/1700085859569.gif>
1936 request <https://lolcow.farm/ot/thumb/1700095257512.jpeg>
1937 response <https://lolcow.farm/ot/thumb/1700095257512.jpeg>
1939 request <https://lolcow.farm/ot/thumb/1700145335462.jpg>
1940 response <https://lolcow.farm/ot/thumb/1700145335462.jpg>
1942 request <https://lolcow.farm/ot/thumb/1700175533622.png>
1943 response <https://lolcow.farm/ot/thumb/1700175533622.png>
1945 request <https://lolcow.farm/ot/thumb/1700211742130.png>
1946 response <https://lolcow.farm/ot/thumb/1700211742130.png>
1948 request <https://lolcow.farm/ot/thumb/1700239378819.jpeg>
1949 response <https://lolcow.farm/ot/thumb/1700239378819.jpeg>
1951 request <https://lolcow.farm/ot/thumb/1700247329417.jpg>
1952 response <https://lolcow.farm/ot/thumb/1700247329417.jpg>
1954 request <https://lolcow.farm/ot/thumb/1700248936996.png>
1955 response <https://lolcow.farm/ot/thumb/1700248936996.png>
1957 request <https://lolcow.farm/ot/thumb/1700274213799.jpg>
1958 response <https://lolcow.farm/ot/thumb/1700274213799.jpg>
1960 request <https://lolcow.farm/ot/thumb/1700274700970.jpg>
1961 response <https://lolcow.farm/ot/thumb/1700274700970.jpg>
1963 request <https://lolcow.farm/ot/thumb/1700316213674.jpg>
1964 response <https://lolcow.farm/ot/thumb/1700316213674.jpg>
1966 request <https://lolcow.farm/ot/thumb/1700345196731.jpeg>
1967 response <https://lolcow.farm/ot/thumb/1700345196731.jpeg>
1969 request <https://lolcow.farm/ot/thumb/1700423052669.png>
1970 response <https://lolcow.farm/ot/thumb/1700423052669.png>
1972 request <https://lolcow.farm/ot/thumb/1700457764547.jpeg>
1973 response <https://lolcow.farm/ot/thumb/1700457764547.jpeg>
1975 request <https://lolcow.farm/ot/thumb/1700495654380.jpeg>
1976 response <https://lolcow.farm/ot/thumb/1700495654380.jpeg>
1978 request <https://lolcow.farm/ot/thumb/1700505258913.gif>
1979 response <https://lolcow.farm/ot/thumb/1700505258913.gif>
1981 request <https://lolcow.farm/ot/thumb/1700521611295.jpg>
1982 response <https://lolcow.farm/ot/thumb/1700521611295.jpg>
1984 request <https://lolcow.farm/ot/thumb/1700629808954.jpg>
1985 response <https://lolcow.farm/ot/thumb/1700629808954.jpg>
1987 request <https://lolcow.farm/ot/thumb/1700646629471.jpg>
1988 response <https://lolcow.farm/ot/thumb/1700646629471.jpg>
1990 request <https://lolcow.farm/ot/thumb/1700690148871.jpg>
1991 response <https://lolcow.farm/ot/thumb/1700690148871.jpg>
1993 request <https://lolcow.farm/ot/thumb/1700690880639.jpeg>
1994 response <https://lolcow.farm/ot/thumb/1700690880639.jpeg>
1996 request <https://lolcow.farm/ot/thumb/1700919686569.jpeg>
1997 response <https://lolcow.farm/ot/thumb/1700919686569.jpeg>
1999 request <https://lolcow.farm/ot/thumb/1709029474186.png>
2000 response <https://lolcow.farm/ot/thumb/1709029474186.png>
2002 request <https://lolcow.farm/ot/thumb/1693109596146.jpg>
2003 response <https://lolcow.farm/ot/thumb/1693109596146.jpg>
2005 request <https://lolcow.farm/ot/res/1647768.html>
2006 response <https://lolcow.farm/ot/res/1647768.html>
2008 request <https://lolcow.farm/ot/thumb/1693136923740.jpeg>
2009 response <https://lolcow.farm/ot/thumb/1693136923740.jpeg>
2011 request <https://lolcow.farm/ot/thumb/1693149197000.jpeg>
2012 response <https://lolcow.farm/ot/thumb/1693149197000.jpeg>
2014 request <https://lolcow.farm/ot/thumb/1693157717677.jpg>
2015 response <https://lolcow.farm/ot/thumb/1693157717677.jpg>
2017 request <https://lolcow.farm/ot/thumb/1693171141372.jpg>
2018 response <https://lolcow.farm/ot/thumb/1693171141372.jpg>
2020 request <https://lolcow.farm/ot/thumb/1693174157811.gif>
2021 response <https://lolcow.farm/ot/thumb/1693174157811.gif>
2023 request <https://lolcow.farm/ot/thumb/1693175342143.jpg>
2024 response <https://lolcow.farm/ot/thumb/1693175342143.jpg>
2026 request <https://lolcow.farm/ot/thumb/1693175619871.jpg>
2027 response <https://lolcow.farm/ot/thumb/1693175619871.jpg>
2029 request <https://lolcow.farm/ot/thumb/1693179205263.jpg>
2030 response <https://lolcow.farm/ot/thumb/1693179205263.jpg>
2032 request <https://lolcow.farm/ot/thumb/1693193328473.jpg>
2033 response <https://lolcow.farm/ot/thumb/1693193328473.jpg>
2035 request <https://lolcow.farm/ot/thumb/1693198115802.jpeg>
2036 response <https://lolcow.farm/ot/thumb/1693198115802.jpeg>
2038 request <https://lolcow.farm/ot/thumb/1693221603667.png>
2039 response <https://lolcow.farm/ot/thumb/1693221603667.png>
2041 request <https://lolcow.farm/ot/thumb/1693331264707.png>
2042 response <https://lolcow.farm/ot/thumb/1693331264707.png>
2044 request <https://lolcow.farm/ot/thumb/1693336111132.jpg>
2045 response <https://lolcow.farm/ot/thumb/1693336111132.jpg>
2047 request <https://lolcow.farm/ot/thumb/1693336543562.jpeg>
2048 response <https://lolcow.farm/ot/thumb/1693336543562.jpeg>
2050 request <https://lolcow.farm/ot/thumb/1693349540542.gif>
2051 response <https://lolcow.farm/ot/thumb/1693349540542.gif>
2053 request <https://lolcow.farm/ot/thumb/1693357580943.png>
2054 response <https://lolcow.farm/ot/thumb/1693357580943.png>
2056 request <https://lolcow.farm/ot/thumb/1693390287335.jpg>
2057 response <https://lolcow.farm/ot/thumb/1693390287335.jpg>
2059 request <https://lolcow.farm/ot/thumb/1693391444525.jpeg>
2060 response <https://lolcow.farm/ot/thumb/1693391444525.jpeg>
2062 request <https://lolcow.farm/ot/thumb/1693391453408.jpeg>
2063 response <https://lolcow.farm/ot/thumb/1693391453408.jpeg>
2065 request <https://lolcow.farm/ot/thumb/1693438743229.jpeg>
2066 response <https://lolcow.farm/ot/thumb/1693438743229.jpeg>
2068 request <https://lolcow.farm/ot/thumb/1693444928019.png>
2069 response <https://lolcow.farm/ot/thumb/1693444928019.png>
2071 request <https://lolcow.farm/ot/thumb/1693445025217.jpg>
2072 response <https://lolcow.farm/ot/thumb/1693445025217.jpg>
2074 request <https://lolcow.farm/ot/thumb/1693448912170.jpg>
2075 response <https://lolcow.farm/ot/thumb/1693448912170.jpg>
2077 request <https://lolcow.farm/ot/thumb/1693542788465.jpg>
2078 response <https://lolcow.farm/ot/thumb/1693542788465.jpg>
2080 request <https://lolcow.farm/ot/thumb/1693596695175.jpeg>
2081 response <https://lolcow.farm/ot/thumb/1693596695175.jpeg>
2083 request <https://lolcow.farm/ot/thumb/1693597176087.jpeg>
2084 response <https://lolcow.farm/ot/thumb/1693597176087.jpeg>
2086 request <https://lolcow.farm/ot/thumb/1693699793695.jpg>
2087 response <https://lolcow.farm/ot/thumb/1693699793695.jpg>
2089 request <https://lolcow.farm/ot/thumb/1693731983559.jpeg>
2090 response <https://lolcow.farm/ot/thumb/1693731983559.jpeg>
2092 request <https://lolcow.farm/ot/thumb/1693734326744.jpeg>
2093 response <https://lolcow.farm/ot/thumb/1693734326744.jpeg>
2095 request <https://lolcow.farm/ot/thumb/1693771375486.jpeg>
2096 response <https://lolcow.farm/ot/thumb/1693771375486.jpeg>
2098 request <https://lolcow.farm/ot/thumb/1693788899066.jpg>
2099 response <https://lolcow.farm/ot/thumb/1693788899066.jpg>
2101 request <https://lolcow.farm/ot/thumb/1693793787357.jpeg>
2102 response <https://lolcow.farm/ot/thumb/1693793787357.jpeg>
2104 request <https://lolcow.farm/ot/thumb/1693858113308.png>
2105 response <https://lolcow.farm/ot/thumb/1693858113308.png>
2107 request <https://lolcow.farm/ot/thumb/1693858609434.jpg>
2108 response <https://lolcow.farm/ot/thumb/1693858609434.jpg>
2110 request <https://lolcow.farm/ot/thumb/1693867800157.jpeg>
2111 response <https://lolcow.farm/ot/thumb/1693867800157.jpeg>
2113 request <https://lolcow.farm/ot/thumb/1693890792376.jpeg>
2114 response <https://lolcow.farm/ot/thumb/1693890792376.jpeg>
2116 request <https://lolcow.farm/ot/thumb/1693899979068.jpeg>
2117 response <https://lolcow.farm/ot/thumb/1693899979068.jpeg>
2119 request <https://lolcow.farm/ot/thumb/1693930664287.jpg>
2120 response <https://lolcow.farm/ot/thumb/1693930664287.jpg>
2122 request <https://lolcow.farm/ot/thumb/1693932501751.gif>
2123 response <https://lolcow.farm/ot/thumb/1693932501751.gif>
2125 request <https://lolcow.farm/ot/thumb/1693932862200.jpg>
2126 response <https://lolcow.farm/ot/thumb/1693932862200.jpg>
2128 request <https://lolcow.farm/ot/thumb/1693962630492.png>
2129 response <https://lolcow.farm/ot/thumb/1693962630492.png>
2131 request <https://lolcow.farm/ot/thumb/1693976875502.jpeg>
2132 response <https://lolcow.farm/ot/thumb/1693976875502.jpeg>
2134 request <https://lolcow.farm/ot/thumb/1693982423883.gif>
2135 response <https://lolcow.farm/ot/thumb/1693982423883.gif>
2137 request <https://lolcow.farm/ot/thumb/1694038321018.jpg>
2138 response <https://lolcow.farm/ot/thumb/1694038321018.jpg>
2140 request <https://lolcow.farm/ot/thumb/1694040104862.jpg>
2141 response <https://lolcow.farm/ot/thumb/1694040104862.jpg>
2143 request <https://lolcow.farm/ot/thumb/1694050560896.jpg>
2144 response <https://lolcow.farm/ot/thumb/1694050560896.jpg>
2146 request <https://lolcow.farm/ot/thumb/1694067853497.png>
2147 response <https://lolcow.farm/ot/thumb/1694067853497.png>
2149 request <https://lolcow.farm/ot/thumb/1694075931586.jpg>
2150 response <https://lolcow.farm/ot/thumb/1694075931586.jpg>
2152 request <https://lolcow.farm/ot/thumb/1694087825077.jpg>
2153 response <https://lolcow.farm/ot/thumb/1694087825077.jpg>
2155 request <https://lolcow.farm/ot/thumb/1694155247327.jpg>
2156 response <https://lolcow.farm/ot/thumb/1694155247327.jpg>
2158 request <https://lolcow.farm/ot/thumb/1694168299520.jpeg>
2159 response <https://lolcow.farm/ot/thumb/1694168299520.jpeg>
2161 request <https://lolcow.farm/ot/thumb/1694169287787.gif>
2162 response <https://lolcow.farm/ot/thumb/1694169287787.gif>
2164 request <https://lolcow.farm/ot/thumb/1694180496726.png>
2165 response <https://lolcow.farm/ot/thumb/1694180496726.png>
2167 request <https://lolcow.farm/ot/thumb/1694182923877.png>
2168 response <https://lolcow.farm/ot/thumb/1694182923877.png>
2170 request <https://lolcow.farm/ot/thumb/1694194712022.jpg>
2171 response <https://lolcow.farm/ot/thumb/1694194712022.jpg>
2173 request <https://lolcow.farm/ot/thumb/1694219642872.jpeg>
2174 response <https://lolcow.farm/ot/thumb/1694219642872.jpeg>
2176 request <https://lolcow.farm/ot/thumb/1694221600605.jpg>
2177 response <https://lolcow.farm/ot/thumb/1694221600605.jpg>
2179 request <https://lolcow.farm/ot/thumb/1694241405947.jpeg>
2180 response <https://lolcow.farm/ot/thumb/1694241405947.jpeg>
2182 request <https://lolcow.farm/ot/thumb/1694290178093.gif>
2183 response <https://lolcow.farm/ot/thumb/1694290178093.gif>
2185 request <https://lolcow.farm/ot/thumb/1694319833698.png>
2186 response <https://lolcow.farm/ot/thumb/1694319833698.png>
2188 request <https://lolcow.farm/ot/thumb/1694360631336.jpg>
2189 response <https://lolcow.farm/ot/thumb/1694360631336.jpg>
2191 request <https://lolcow.farm/ot/thumb/1694377000042.jpg>
2192 response <https://lolcow.farm/ot/thumb/1694377000042.jpg>
2194 request <https://lolcow.farm/ot/thumb/1694397349470.jpeg>
2195 response <https://lolcow.farm/ot/thumb/1694397349470.jpeg>
2197 request <https://lolcow.farm/ot/thumb/1694432356330.jpg>
2198 response <https://lolcow.farm/ot/thumb/1694432356330.jpg>
2200 request <https://lolcow.farm/ot/thumb/1694473681861.jpg>
2201 response <https://lolcow.farm/ot/thumb/1694473681861.jpg>
2203 request <https://lolcow.farm/ot/thumb/1694484905070.jpg>
2204 response <https://lolcow.farm/ot/thumb/1694484905070.jpg>
2206 request <https://lolcow.farm/ot/thumb/1694486205836.png>
2207 response <https://lolcow.farm/ot/thumb/1694486205836.png>
2209 request <https://lolcow.farm/ot/thumb/1694488260000.png>
2210 response <https://lolcow.farm/ot/thumb/1694488260000.png>
2212 request <https://lolcow.farm/ot/thumb/1694488574530.jpeg>
2213 response <https://lolcow.farm/ot/thumb/1694488574530.jpeg>
2215 request <https://lolcow.farm/ot/thumb/1694502817644.jpg>
2216 response <https://lolcow.farm/ot/thumb/1694502817644.jpg>
2218 request <https://lolcow.farm/ot/thumb/1694520465786.jpg>
2219 response <https://lolcow.farm/ot/thumb/1694520465786.jpg>
2221 request <https://lolcow.farm/ot/thumb/1694522689801.jpg>
2222 response <https://lolcow.farm/ot/thumb/1694522689801.jpg>
2224 request <https://lolcow.farm/ot/thumb/1694666962740.jpg>
2225 response <https://lolcow.farm/ot/thumb/1694666962740.jpg>
2227 request <https://lolcow.farm/ot/thumb/1694697262232.png>
2228 response <https://lolcow.farm/ot/thumb/1694697262232.png>
2230 request <https://lolcow.farm/ot/thumb/1694700718870.jpeg>
2231 response <https://lolcow.farm/ot/thumb/1694700718870.jpeg>
2233 request <https://lolcow.farm/ot/thumb/1694728569714.jpg>
2234 response <https://lolcow.farm/ot/thumb/1694728569714.jpg>
2236 request <https://lolcow.farm/ot/thumb/1694730707504.png>
2237 response <https://lolcow.farm/ot/thumb/1694730707504.png>
2239 request <https://lolcow.farm/ot/thumb/1694926421951.gif>
2240 response <https://lolcow.farm/ot/thumb/1694926421951.gif>
2242 request <https://lolcow.farm/ot/thumb/1694973983471.jpg>
2243 response <https://lolcow.farm/ot/thumb/1694973983471.jpg>
2245 request <https://lolcow.farm/ot/thumb/1694974322556.png>
2246 response <https://lolcow.farm/ot/thumb/1694974322556.png>
2248 request <https://lolcow.farm/ot/thumb/1694976910768.jpg>
2249 response <https://lolcow.farm/ot/thumb/1694976910768.jpg>
2251 request <https://lolcow.farm/ot/thumb/1694982093207.jpg>
2252 response <https://lolcow.farm/ot/thumb/1694982093207.jpg>
2254 request <https://lolcow.farm/ot/thumb/1695203610144.jpg>
2255 response <https://lolcow.farm/ot/thumb/1695203610144.jpg>
2257 request <https://lolcow.farm/ot/thumb/1695204701607.jpg>
2258 response <https://lolcow.farm/ot/thumb/1695204701607.jpg>
2260 request <https://lolcow.farm/ot/thumb/1695248088945.jpeg>
2261 response <https://lolcow.farm/ot/thumb/1695248088945.jpeg>
2263 request <https://lolcow.farm/ot/thumb/1695258055792.jpg>
2264 response <https://lolcow.farm/ot/thumb/1695258055792.jpg>
2266 request <https://lolcow.farm/ot/thumb/1695316940404.jpg>
2267 response <https://lolcow.farm/ot/thumb/1695316940404.jpg>
2269 request <https://lolcow.farm/ot/thumb/1695356533890.jpeg>
2270 response <https://lolcow.farm/ot/thumb/1695356533890.jpeg>
2272 request <https://lolcow.farm/ot/thumb/1695400783351.png>
2273 response <https://lolcow.farm/ot/thumb/1695400783351.png>
2275 request <https://lolcow.farm/ot/thumb/1695404365370.jpeg>
2276 response <https://lolcow.farm/ot/thumb/1695404365370.jpeg>
2278 request <https://lolcow.farm/ot/thumb/1695427872885.jpg>
2279 response <https://lolcow.farm/ot/thumb/1695427872885.jpg>
2281 request <https://lolcow.farm/ot/thumb/1695442074447.png>
2282 response <https://lolcow.farm/ot/thumb/1695442074447.png>
2284 request <https://lolcow.farm/ot/thumb/1695444196179.png>
2285 response <https://lolcow.farm/ot/thumb/1695444196179.png>
2287 request <https://lolcow.farm/ot/thumb/1695516376472.png>
2288 response <https://lolcow.farm/ot/thumb/1695516376472.png>
2290 request <https://lolcow.farm/ot/thumb/1695544599949.png>
2291 response <https://lolcow.farm/ot/thumb/1695544599949.png>
2293 request <https://lolcow.farm/ot/thumb/1695578490037.jpg>
2294 response <https://lolcow.farm/ot/thumb/1695578490037.jpg>
2296 request <https://lolcow.farm/ot/thumb/1695699452098.jpg>
2297 response <https://lolcow.farm/ot/thumb/1695699452098.jpg>
2299 request <https://lolcow.farm/ot/thumb/1695863611776.jpg>
2300 response <https://lolcow.farm/ot/thumb/1695863611776.jpg>
2302 request <https://lolcow.farm/ot/thumb/1695948364391.jpg>
2303 response <https://lolcow.farm/ot/thumb/1695948364391.jpg>
2305 request <https://lolcow.farm/ot/thumb/1695953658798.png>
2306 response <https://lolcow.farm/ot/thumb/1695953658798.png>
2308 request <https://lolcow.farm/ot/thumb/1695967701754.png>
2309 response <https://lolcow.farm/ot/thumb/1695967701754.png>
2311 request <https://lolcow.farm/ot/thumb/1695969370883.png>
2312 response <https://lolcow.farm/ot/thumb/1695969370883.png>
2314 request <https://lolcow.farm/ot/thumb/1696032433063.jpg>
2315 response <https://lolcow.farm/ot/thumb/1696032433063.jpg>
2317 request <https://lolcow.farm/ot/thumb/1696036226759.jpg>
2318 response <https://lolcow.farm/ot/thumb/1696036226759.jpg>
2320 request <https://lolcow.farm/ot/thumb/1696039072094.jpg>
2321 response <https://lolcow.farm/ot/thumb/1696039072094.jpg>
2323 request <https://lolcow.farm/ot/thumb/1696049350468.png>
2324 response <https://lolcow.farm/ot/thumb/1696049350468.png>
2326 request <https://lolcow.farm/ot/thumb/1696049497792.png>
2327 response <https://lolcow.farm/ot/thumb/1696049497792.png>
2329 request <https://lolcow.farm/ot/thumb/1696049653783.png>
2330 response <https://lolcow.farm/ot/thumb/1696049653783.png>
2332 request <https://lolcow.farm/ot/thumb/1696049960524.jpg>
2333 response <https://lolcow.farm/ot/thumb/1696049960524.jpg>
2335 request <https://lolcow.farm/ot/thumb/1696050485292.gif>
2336 response <https://lolcow.farm/ot/thumb/1696050485292.gif>
2338 request <https://lolcow.farm/ot/thumb/1696082361709.png>
2339 response <https://lolcow.farm/ot/thumb/1696082361709.png>
2341 request <https://lolcow.farm/ot/thumb/1696087320898.jpeg>
2342 response <https://lolcow.farm/ot/thumb/1696087320898.jpeg>
2344 request <https://lolcow.farm/ot/thumb/1696089749836.png>
2345 response <https://lolcow.farm/ot/thumb/1696089749836.png>
2347 request <https://lolcow.farm/ot/thumb/1696093861966.jpg>
2348 response <https://lolcow.farm/ot/thumb/1696093861966.jpg>
2350 request <https://lolcow.farm/ot/thumb/1696097649319.jpeg>
2351 response <https://lolcow.farm/ot/thumb/1696097649319.jpeg>
2353 request <https://lolcow.farm/ot/thumb/1696111165155.jpg>
2354 response <https://lolcow.farm/ot/thumb/1696111165155.jpg>
2356 request <https://lolcow.farm/ot/thumb/1696204916345.jpg>
2357 response <https://lolcow.farm/ot/thumb/1696204916345.jpg>
2359 request <https://lolcow.farm/ot/thumb/1696241304358.jpeg>
2360 response <https://lolcow.farm/ot/thumb/1696241304358.jpeg>
2362 request <https://lolcow.farm/ot/thumb/1696267253867.jpg>
2363 response <https://lolcow.farm/ot/thumb/1696267253867.jpg>
2365 request <https://lolcow.farm/ot/thumb/1696313619976.jpeg>
2366 response <https://lolcow.farm/ot/thumb/1696313619976.jpeg>
2368 request <https://lolcow.farm/ot/thumb/1696315968084.jpeg>
2369 response <https://lolcow.farm/ot/thumb/1696315968084.jpeg>
2371 request <https://lolcow.farm/ot/thumb/1696317144554.jpeg>
2372 response <https://lolcow.farm/ot/thumb/1696317144554.jpeg>
2374 request <https://lolcow.farm/ot/thumb/1696318351497.jpeg>
2375 response <https://lolcow.farm/ot/thumb/1696318351497.jpeg>
2377 request <https://lolcow.farm/ot/thumb/1696373109016.jpg>
2378 response <https://lolcow.farm/ot/thumb/1696373109016.jpg>
2380 request <https://lolcow.farm/ot/thumb/1696382763565.jpg>
2381 response <https://lolcow.farm/ot/thumb/1696382763565.jpg>
2383 request <https://lolcow.farm/ot/thumb/1696385305928.jpg>
2384 response <https://lolcow.farm/ot/thumb/1696385305928.jpg>
2386 request <https://lolcow.farm/ot/thumb/1696388266016.png>
2387 response <https://lolcow.farm/ot/thumb/1696388266016.png>
2389 request <https://lolcow.farm/ot/thumb/1696399343324.jpg>
2390 response <https://lolcow.farm/ot/thumb/1696399343324.jpg>
2392 request <https://lolcow.farm/ot/thumb/1696508255845.jpg>
2393 response <https://lolcow.farm/ot/thumb/1696508255845.jpg>
2395 request <https://lolcow.farm/ot/thumb/1696551044932.jpg>
2396 response <https://lolcow.farm/ot/thumb/1696551044932.jpg>
2398 request <https://lolcow.farm/ot/thumb/1696560094438.jpg>
2399 response <https://lolcow.farm/ot/thumb/1696560094438.jpg>
2401 request <https://lolcow.farm/ot/thumb/1696625144514.png>
2402 response <https://lolcow.farm/ot/thumb/1696625144514.png>
2404 request <https://lolcow.farm/ot/thumb/1696627464586.jpg>
2405 response <https://lolcow.farm/ot/thumb/1696627464586.jpg>
2407 request <https://lolcow.farm/ot/thumb/1696628453063.jpeg>
2408 response <https://lolcow.farm/ot/thumb/1696628453063.jpeg>
2410 request <https://lolcow.farm/ot/thumb/1696631202391.jpg>
2411 response <https://lolcow.farm/ot/thumb/1696631202391.jpg>
2413 request <https://lolcow.farm/ot/thumb/1696717075012.jpg>
2414 response <https://lolcow.farm/ot/thumb/1696717075012.jpg>
2416 request <https://lolcow.farm/ot/thumb/1696733149766.jpg>
2417 response <https://lolcow.farm/ot/thumb/1696733149766.jpg>
2419 request <https://lolcow.farm/ot/thumb/1696744784482.png>
2420 response <https://lolcow.farm/ot/thumb/1696744784482.png>
2422 request <https://lolcow.farm/ot/thumb/1696789449638.jpeg>
2423 response <https://lolcow.farm/ot/thumb/1696789449638.jpeg>
2425 request <https://lolcow.farm/ot/thumb/1696794397631.gif>
2426 response <https://lolcow.farm/ot/thumb/1696794397631.gif>
2428 request <https://lolcow.farm/ot/thumb/1696828280695.jpeg>
2429 response <https://lolcow.farm/ot/thumb/1696828280695.jpeg>
2431 request <https://lolcow.farm/ot/thumb/1696866552870.jpg>
2432 response <https://lolcow.farm/ot/thumb/1696866552870.jpg>
2434 request <https://lolcow.farm/ot/thumb/1696884700095.jpg>
2435 response <https://lolcow.farm/ot/thumb/1696884700095.jpg>
2437 request <https://lolcow.farm/ot/thumb/1690589587628.jpg>
2438 response <https://lolcow.farm/ot/thumb/1690589587628.jpg>
2440 request <https://lolcow.farm/ot/res/1627083.html>
2441 response <https://lolcow.farm/ot/res/1627083.html>
2443 request <https://lolcow.farm/ot/thumb/1690591177942.jpg>
2444 response <https://lolcow.farm/ot/thumb/1690591177942.jpg>
2446 request <https://lolcow.farm/ot/thumb/1690611147573.gif>
2447 response <https://lolcow.farm/ot/thumb/1690611147573.gif>
2449 request <https://lolcow.farm/ot/thumb/1690613147098.jpg>
2450 response <https://lolcow.farm/ot/thumb/1690613147098.jpg>
2452 request <https://lolcow.farm/ot/thumb/1690616813747.png>
2453 response <https://lolcow.farm/ot/thumb/1690616813747.png>
2455 request <https://lolcow.farm/ot/thumb/1690638731194.jpg>
2456 response <https://lolcow.farm/ot/thumb/1690638731194.jpg>
2458 request <https://lolcow.farm/ot/thumb/1690687273105.jpg>
2459 response <https://lolcow.farm/ot/thumb/1690687273105.jpg>
2461 request <https://lolcow.farm/ot/thumb/1690755371927.jpeg>
2462 response <https://lolcow.farm/ot/thumb/1690755371927.jpeg>
2464 request <https://lolcow.farm/ot/thumb/1690758617505.gif>
2465 response <https://lolcow.farm/ot/thumb/1690758617505.gif>
2467 request <https://lolcow.farm/ot/thumb/1690775380759.gif>
2468 response <https://lolcow.farm/ot/thumb/1690775380759.gif>
2470 request <https://lolcow.farm/ot/thumb/1690776830951.jpeg>
2471 response <https://lolcow.farm/ot/thumb/1690776830951.jpeg>
2473 request <https://lolcow.farm/ot/thumb/1690778341874.jpg>
2474 response <https://lolcow.farm/ot/thumb/1690778341874.jpg>
2476 request <https://lolcow.farm/ot/thumb/1690778718043.png>
2477 response <https://lolcow.farm/ot/thumb/1690778718043.png>
2479 request <https://lolcow.farm/ot/thumb/1690779487266.jpeg>
2480 response <https://lolcow.farm/ot/thumb/1690779487266.jpeg>
2482 request <https://lolcow.farm/ot/thumb/1690779679698.jpg>
2483 response <https://lolcow.farm/ot/thumb/1690779679698.jpg>
2485 request <https://lolcow.farm/ot/thumb/1690780032592.png>
2486 response <https://lolcow.farm/ot/thumb/1690780032592.png>
2488 request <https://lolcow.farm/ot/thumb/1690780091134.gif>
2489 response <https://lolcow.farm/ot/thumb/1690780091134.gif>
2491 request <https://lolcow.farm/ot/thumb/1690780200884.png>
2492 response <https://lolcow.farm/ot/thumb/1690780200884.png>
2494 request <https://lolcow.farm/ot/thumb/1690780330958.jpg>
2495 response <https://lolcow.farm/ot/thumb/1690780330958.jpg>
2497 request <https://lolcow.farm/ot/thumb/1690780376268.png>
2498 response <https://lolcow.farm/ot/thumb/1690780376268.png>
2500 request <https://lolcow.farm/ot/thumb/1690780426104.jpg>
2501 response <https://lolcow.farm/ot/thumb/1690780426104.jpg>
2503 request <https://lolcow.farm/ot/thumb/1690780463742.png>
2504 response <https://lolcow.farm/ot/thumb/1690780463742.png>
2506 request <https://lolcow.farm/ot/thumb/1690780525239.jpg>
2507 response <https://lolcow.farm/ot/thumb/1690780525239.jpg>
2509 request <https://lolcow.farm/ot/thumb/1690780575721.jpg>
2510 response <https://lolcow.farm/ot/thumb/1690780575721.jpg>
2512 request <https://lolcow.farm/ot/thumb/1690780652754.png>
2513 response <https://lolcow.farm/ot/thumb/1690780652754.png>
2515 request <https://lolcow.farm/ot/thumb/1690780707026.jpg>
2516 response <https://lolcow.farm/ot/thumb/1690780707026.jpg>
2518 request <https://lolcow.farm/ot/thumb/1690780839833.jpg>
2519 response <https://lolcow.farm/ot/thumb/1690780839833.jpg>
2521 request <https://lolcow.farm/ot/thumb/1690780997264.jpg>
2522 response <https://lolcow.farm/ot/thumb/1690780997264.jpg>
2524 request <https://lolcow.farm/ot/thumb/1690781411873.png>
2525 response <https://lolcow.farm/ot/thumb/1690781411873.png>
2527 request <https://lolcow.farm/ot/thumb/1690781490307.png>
2528 response <https://lolcow.farm/ot/thumb/1690781490307.png>
2530 request <https://lolcow.farm/ot/thumb/1690781858910.jpeg>
2531 response <https://lolcow.farm/ot/thumb/1690781858910.jpeg>
2533 request <https://lolcow.farm/ot/thumb/1690781956916.jpeg>
2534 response <https://lolcow.farm/ot/thumb/1690781956916.jpeg>
2536 request <https://lolcow.farm/ot/thumb/1690782334964.gif>
2537 response <https://lolcow.farm/ot/thumb/1690782334964.gif>
2539 request <https://lolcow.farm/ot/thumb/1690782487945.jpg>
2540 response <https://lolcow.farm/ot/thumb/1690782487945.jpg>
2542 request <https://lolcow.farm/ot/thumb/1690784911898.png>
2543 response <https://lolcow.farm/ot/thumb/1690784911898.png>
2545 request <https://lolcow.farm/ot/thumb/1690785270953.jpeg>
2546 response <https://lolcow.farm/ot/thumb/1690785270953.jpeg>
2548 request <https://lolcow.farm/ot/thumb/1690845738433.jpg>
2549 response <https://lolcow.farm/ot/thumb/1690845738433.jpg>
2551 request <https://lolcow.farm/ot/thumb/1690856832728.jpg>
2552 response <https://lolcow.farm/ot/thumb/1690856832728.jpg>
2554 request <https://lolcow.farm/ot/thumb/1690881216188.png>
2555 response <https://lolcow.farm/ot/thumb/1690881216188.png>
2557 request <https://lolcow.farm/ot/thumb/1690901413929.jpg>
2558 response <https://lolcow.farm/ot/thumb/1690901413929.jpg>
2560 request <https://lolcow.farm/ot/thumb/1690902122657.jpg>
2561 response <https://lolcow.farm/ot/thumb/1690902122657.jpg>
2563 request <https://lolcow.farm/ot/thumb/1690906573533.jpeg>
2564 response <https://lolcow.farm/ot/thumb/1690906573533.jpeg>
2566 request <https://lolcow.farm/ot/thumb/1690941938078.png>
2567 response <https://lolcow.farm/ot/thumb/1690941938078.png>
2569 request <https://lolcow.farm/ot/thumb/1690966983970.jpg>
2570 response <https://lolcow.farm/ot/thumb/1690966983970.jpg>
2572 request <https://lolcow.farm/ot/thumb/1691030377286.png>
2573 response <https://lolcow.farm/ot/thumb/1691030377286.png>
2575 request <https://lolcow.farm/ot/thumb/1691040905100.jpg>
2576 response <https://lolcow.farm/ot/thumb/1691040905100.jpg>
2578 request <https://lolcow.farm/ot/thumb/1691091278716.png>
2579 response <https://lolcow.farm/ot/thumb/1691091278716.png>
2581 request <https://lolcow.farm/ot/thumb/1691106585198.jpg>
2582 response <https://lolcow.farm/ot/thumb/1691106585198.jpg>
2584 request <https://lolcow.farm/ot/thumb/1691124419072.jpeg>
2585 response <https://lolcow.farm/ot/thumb/1691124419072.jpeg>
2587 request <https://lolcow.farm/ot/thumb/1691162671571.jpg>
2588 response <https://lolcow.farm/ot/thumb/1691162671571.jpg>
2590 request <https://lolcow.farm/ot/thumb/1691162719571.jpg>
2591 response <https://lolcow.farm/ot/thumb/1691162719571.jpg>
2593 request <https://lolcow.farm/ot/thumb/1691176284845.png>
2594 response <https://lolcow.farm/ot/thumb/1691176284845.png>
2596 request <https://lolcow.farm/ot/thumb/1691192932968.png>
2597 response <https://lolcow.farm/ot/thumb/1691192932968.png>
2599 request <https://lolcow.farm/ot/thumb/1691196615808.jpeg>
2600 response <https://lolcow.farm/ot/thumb/1691196615808.jpeg>
2602 request <https://lolcow.farm/ot/thumb/1691196692666.gif>
2603 response <https://lolcow.farm/ot/thumb/1691196692666.gif>
2605 request <https://lolcow.farm/ot/thumb/1691200976636.jpg>
2606 response <https://lolcow.farm/ot/thumb/1691200976636.jpg>
2608 request <https://lolcow.farm/ot/thumb/1691204747260.jpg>
2609 response <https://lolcow.farm/ot/thumb/1691204747260.jpg>
2611 request <https://lolcow.farm/ot/thumb/1691214535065.jpeg>
2612 response <https://lolcow.farm/ot/thumb/1691214535065.jpeg>
2614 request <https://lolcow.farm/ot/thumb/1691237106428.jpg>
2615 response <https://lolcow.farm/ot/thumb/1691237106428.jpg>
2617 request <https://lolcow.farm/ot/thumb/1691269906308.png>
2618 response <https://lolcow.farm/ot/thumb/1691269906308.png>
2620 request <https://lolcow.farm/ot/thumb/1691280475120.jpg>
2621 response <https://lolcow.farm/ot/thumb/1691280475120.jpg>
2623 request <https://lolcow.farm/ot/thumb/1691282474025.jpg>
2624 response <https://lolcow.farm/ot/thumb/1691282474025.jpg>
2626 request <https://lolcow.farm/ot/thumb/1691286157078.jpg>
2627 response <https://lolcow.farm/ot/thumb/1691286157078.jpg>
2629 request <https://lolcow.farm/ot/thumb/1691288585414.png>
2630 response <https://lolcow.farm/ot/thumb/1691288585414.png>
2632 request <https://lolcow.farm/ot/thumb/1691370190153.jpeg>
2633 response <https://lolcow.farm/ot/thumb/1691370190153.jpeg>
2635 request <https://lolcow.farm/ot/thumb/1691376589430.jpg>
2636 response <https://lolcow.farm/ot/thumb/1691376589430.jpg>
2638 request <https://lolcow.farm/ot/thumb/1691389084148.jpeg>
2639 response <https://lolcow.farm/ot/thumb/1691389084148.jpeg>
2641 request <https://lolcow.farm/ot/thumb/1691389586101.png>
2642 response <https://lolcow.farm/ot/thumb/1691389586101.png>
2644 request <https://lolcow.farm/ot/thumb/1691392148755.jpeg>
2645 response <https://lolcow.farm/ot/thumb/1691392148755.jpeg>
2647 request <https://lolcow.farm/ot/thumb/1691456207947.jpg>
2648 response <https://lolcow.farm/ot/thumb/1691456207947.jpg>
2650 request <https://lolcow.farm/ot/thumb/1691485526379.jpeg>
2651 response <https://lolcow.farm/ot/thumb/1691485526379.jpeg>
2653 request <https://lolcow.farm/ot/thumb/1691495390839.jpeg>
2654 response <https://lolcow.farm/ot/thumb/1691495390839.jpeg>
2656 request <https://lolcow.farm/ot/thumb/1691519360453.webm>
2657 response <https://lolcow.farm/ot/thumb/1691519360453.webm>
2659 request <https://lolcow.farm/static/video.png>
2660 response <https://lolcow.farm/static/video.png>
2662 request <https://lolcow.farm/ot/thumb/1691522513331.jpg>
2663 response <https://lolcow.farm/ot/thumb/1691522513331.jpg>
2665 request <https://lolcow.farm/ot/thumb/1691522941308.jpg>
2666 response <https://lolcow.farm/ot/thumb/1691522941308.jpg>
2668 request <https://lolcow.farm/ot/thumb/1691588181213.png>
2669 response <https://lolcow.farm/ot/thumb/1691588181213.png>
2671 request <https://lolcow.farm/ot/thumb/1691593323073.jpeg>
2672 response <https://lolcow.farm/ot/thumb/1691593323073.jpeg>
2674 request <https://lolcow.farm/ot/thumb/1691668630650.png>
2675 response <https://lolcow.farm/ot/thumb/1691668630650.png>
2677 request <https://lolcow.farm/ot/thumb/1691696377948.png>
2678 response <https://lolcow.farm/ot/thumb/1691696377948.png>
2680 request <https://lolcow.farm/ot/thumb/1691702104205.jpg>
2681 response <https://lolcow.farm/ot/thumb/1691702104205.jpg>
2683 request <https://lolcow.farm/ot/thumb/1691719645828.jpeg>
2684 response <https://lolcow.farm/ot/thumb/1691719645828.jpeg>
2686 request <https://lolcow.farm/ot/thumb/1691829257430.jpg>
2687 response <https://lolcow.farm/ot/thumb/1691829257430.jpg>
2689 request <https://lolcow.farm/ot/thumb/1691829681018.jpg>
2690 response <https://lolcow.farm/ot/thumb/1691829681018.jpg>
2692 request <https://lolcow.farm/ot/thumb/1691857381045.jpeg>
2693 response <https://lolcow.farm/ot/thumb/1691857381045.jpeg>
2695 request <https://lolcow.farm/ot/thumb/1691881827573.png>
2696 response <https://lolcow.farm/ot/thumb/1691881827573.png>
2698 request <https://lolcow.farm/ot/thumb/1692058777150.jpg>
2699 response <https://lolcow.farm/ot/thumb/1692058777150.jpg>
2701 request <https://lolcow.farm/ot/thumb/1692101490163.jpg>
2702 response <https://lolcow.farm/ot/thumb/1692101490163.jpg>
2704 request <https://lolcow.farm/ot/thumb/1692111311804.png>
2705 response <https://lolcow.farm/ot/thumb/1692111311804.png>
2707 request <https://lolcow.farm/ot/thumb/1692116280092.jpeg>
2708 response <https://lolcow.farm/ot/thumb/1692116280092.jpeg>
2710 request <https://lolcow.farm/ot/thumb/1692118146004.jpg>
2711 response <https://lolcow.farm/ot/thumb/1692118146004.jpg>
2713 request <https://lolcow.farm/ot/thumb/1692128410294.jpeg>
2714 response <https://lolcow.farm/ot/thumb/1692128410294.jpeg>
2716 request <https://lolcow.farm/ot/thumb/1692130468617.png>
2717 response <https://lolcow.farm/ot/thumb/1692130468617.png>
2719 request <https://lolcow.farm/ot/thumb/1692131039268.jpg>
2720 response <https://lolcow.farm/ot/thumb/1692131039268.jpg>
2722 request <https://lolcow.farm/ot/thumb/1692165088509.jpeg>
2723 response <https://lolcow.farm/ot/thumb/1692165088509.jpeg>
2725 request <https://lolcow.farm/ot/thumb/1692193144043.jpg>
2726 response <https://lolcow.farm/ot/thumb/1692193144043.jpg>
2728 request <https://lolcow.farm/ot/thumb/1692236300867.png>
2729 response <https://lolcow.farm/ot/thumb/1692236300867.png>
2731 request <https://lolcow.farm/ot/thumb/1692237727794.png>
2732 response <https://lolcow.farm/ot/thumb/1692237727794.png>
2734 request <https://lolcow.farm/ot/thumb/1692241672566.jpeg>
2735 response <https://lolcow.farm/ot/thumb/1692241672566.jpeg>
2737 request <https://lolcow.farm/ot/thumb/1692286216599.jpg>
2738 response <https://lolcow.farm/ot/thumb/1692286216599.jpg>
2740 request <https://lolcow.farm/ot/thumb/1692301816950.jpg>
2741 response <https://lolcow.farm/ot/thumb/1692301816950.jpg>
2743 request <https://lolcow.farm/ot/thumb/1692305332625.png>
2744 response <https://lolcow.farm/ot/thumb/1692305332625.png>
2746 request <https://lolcow.farm/ot/thumb/1692308408432.jpg>
2747 response <https://lolcow.farm/ot/thumb/1692308408432.jpg>
2749 request <https://lolcow.farm/ot/thumb/1692365300692.jpg>
2750 response <https://lolcow.farm/ot/thumb/1692365300692.jpg>
2752 request <https://lolcow.farm/ot/thumb/1692393678031.jpeg>
2753 response <https://lolcow.farm/ot/thumb/1692393678031.jpeg>
2755 request <https://lolcow.farm/ot/thumb/1692394022070.jpg>
2756 response <https://lolcow.farm/ot/thumb/1692394022070.jpg>
2758 request <https://lolcow.farm/ot/thumb/1692394405865.png>
2759 response <https://lolcow.farm/ot/thumb/1692394405865.png>
2761 request <https://lolcow.farm/ot/thumb/1692435311972.jpg>
2762 response <https://lolcow.farm/ot/thumb/1692435311972.jpg>
2764 request <https://lolcow.farm/ot/thumb/1692473383319.jpeg>
2765 response <https://lolcow.farm/ot/thumb/1692473383319.jpeg>
2767 request <https://lolcow.farm/ot/thumb/1692510811700.jpg>
2768 response <https://lolcow.farm/ot/thumb/1692510811700.jpg>
2770 request <https://lolcow.farm/ot/thumb/1692538316264.jpeg>
2771 response <https://lolcow.farm/ot/thumb/1692538316264.jpeg>
2773 request <https://lolcow.farm/ot/thumb/1692540056273.jpg>
2774 response <https://lolcow.farm/ot/thumb/1692540056273.jpg>
2776 request <https://lolcow.farm/ot/thumb/1692550803192.jpg>
2777 response <https://lolcow.farm/ot/thumb/1692550803192.jpg>
2779 request <https://lolcow.farm/ot/thumb/1692558783112.jpg>
2780 response <https://lolcow.farm/ot/thumb/1692558783112.jpg>
2782 request <https://lolcow.farm/ot/thumb/1692558937956.gif>
2783 response <https://lolcow.farm/ot/thumb/1692558937956.gif>
2785 request <https://lolcow.farm/ot/thumb/1692559872693.jpg>
2786 response <https://lolcow.farm/ot/thumb/1692559872693.jpg>
2788 request <https://lolcow.farm/ot/thumb/1692559979633.jpg>
2789 response <https://lolcow.farm/ot/thumb/1692559979633.jpg>
2791 request <https://lolcow.farm/ot/thumb/1692561178547.jpg>
2792 response <https://lolcow.farm/ot/thumb/1692561178547.jpg>
2794 request <https://lolcow.farm/ot/thumb/1692573326511.png>
2795 response <https://lolcow.farm/ot/thumb/1692573326511.png>
2797 request <https://lolcow.farm/ot/thumb/1692596681529.png>
2798 response <https://lolcow.farm/ot/thumb/1692596681529.png>
2800 request <https://lolcow.farm/ot/thumb/1692601420220.jpeg>
2801 response <https://lolcow.farm/ot/thumb/1692601420220.jpeg>
2803 request <https://lolcow.farm/ot/thumb/1692601627355.gif>
2804 response <https://lolcow.farm/ot/thumb/1692601627355.gif>
2806 request <https://lolcow.farm/ot/thumb/1692617663039.png>
2807 response <https://lolcow.farm/ot/thumb/1692617663039.png>
2809 request <https://lolcow.farm/ot/thumb/1692622835092.jpg>
2810 response <https://lolcow.farm/ot/thumb/1692622835092.jpg>
2812 request <https://lolcow.farm/ot/thumb/1692638976883.jpeg>
2813 response <https://lolcow.farm/ot/thumb/1692638976883.jpeg>
2815 request <https://lolcow.farm/ot/thumb/1692646286935.gif>
2816 response <https://lolcow.farm/ot/thumb/1692646286935.gif>
2818 request <https://lolcow.farm/ot/thumb/1692656497145.jpg>
2819 response <https://lolcow.farm/ot/thumb/1692656497145.jpg>
2821 request <https://lolcow.farm/ot/thumb/1692659281930.jpeg>
2822 response <https://lolcow.farm/ot/thumb/1692659281930.jpeg>
2824 request <https://lolcow.farm/ot/thumb/1692663306386.jpeg>
2825 response <https://lolcow.farm/ot/thumb/1692663306386.jpeg>
2827 request <https://lolcow.farm/ot/thumb/1692747202912.jpg>
2828 response <https://lolcow.farm/ot/thumb/1692747202912.jpg>
2830 request <https://lolcow.farm/ot/thumb/1692747569925.jpg>
2831 response <https://lolcow.farm/ot/thumb/1692747569925.jpg>
2833 request <https://lolcow.farm/ot/thumb/1692755496218.jpeg>
2834 response <https://lolcow.farm/ot/thumb/1692755496218.jpeg>
2836 request <https://lolcow.farm/ot/thumb/1692757932682.jpg>
2837 response <https://lolcow.farm/ot/thumb/1692757932682.jpg>
2839 request <https://lolcow.farm/ot/thumb/1692767870708.jpg>
2840 response <https://lolcow.farm/ot/thumb/1692767870708.jpg>
2842 request <https://lolcow.farm/ot/thumb/1692769746595.jpeg>
2843 response <https://lolcow.farm/ot/thumb/1692769746595.jpeg>
2845 request <https://lolcow.farm/ot/thumb/1692770469929.png>
2846 response <https://lolcow.farm/ot/thumb/1692770469929.png>
2848 request <https://lolcow.farm/ot/thumb/1692771431738.png>
2849 response <https://lolcow.farm/ot/thumb/1692771431738.png>
2851 request <https://lolcow.farm/ot/thumb/1692771778393.jpg>
2852 response <https://lolcow.farm/ot/thumb/1692771778393.jpg>
2854 request <https://lolcow.farm/ot/thumb/1692772904665.jpg>
2855 response <https://lolcow.farm/ot/thumb/1692772904665.jpg>
2857 request <https://lolcow.farm/ot/thumb/1692816310452.jpeg>
2858 response <https://lolcow.farm/ot/thumb/1692816310452.jpeg>
2860 request <https://lolcow.farm/ot/thumb/1692841251730.jpeg>
2861 response <https://lolcow.farm/ot/thumb/1692841251730.jpeg>
2863 request <https://lolcow.farm/ot/thumb/1692860651657.jpeg>
2864 response <https://lolcow.farm/ot/thumb/1692860651657.jpeg>
2866 request <https://lolcow.farm/ot/thumb/1692915728706.jpeg>
2867 response <https://lolcow.farm/ot/thumb/1692915728706.jpeg>
2869 request <https://lolcow.farm/ot/thumb/1692917613744.gif>
2870 response <https://lolcow.farm/ot/thumb/1692917613744.gif>
2872 request <https://lolcow.farm/ot/thumb/1692935684748.jpeg>
2873 response <https://lolcow.farm/ot/thumb/1692935684748.jpeg>
2875 request <https://lolcow.farm/ot/thumb/1693038656345.jpeg>
2876 response <https://lolcow.farm/ot/thumb/1693038656345.jpeg>
2878 request <https://lolcow.farm/ot/thumb/1693049705593.jpeg>
2879 response <https://lolcow.farm/ot/thumb/1693049705593.jpeg>
2881 request <https://lolcow.farm/ot/thumb/1693050860852.jpg>
2882 response <https://lolcow.farm/ot/thumb/1693050860852.jpg>
2884 request <https://lolcow.farm/ot/thumb/1693074680409.jpg>
2885 response <https://lolcow.farm/ot/thumb/1693074680409.jpg>
2887 request <https://lolcow.farm/ot/thumb/1688735042806.jpg>
2888 response <https://lolcow.farm/ot/thumb/1688735042806.jpg>
2890 request <https://lolcow.farm/ot/res/1595652.html>
2891 response <https://lolcow.farm/ot/res/1595652.html>
2893 request <https://lolcow.farm/ot/thumb/1688748290722.jpeg>
2894 response <https://lolcow.farm/ot/thumb/1688748290722.jpeg>
2896 request <https://lolcow.farm/ot/thumb/1688750025655.jpeg>
2897 response <https://lolcow.farm/ot/thumb/1688750025655.jpeg>
2899 request <https://lolcow.farm/ot/thumb/1688759709639.png>
2900 response <https://lolcow.farm/ot/thumb/1688759709639.png>
